Archive member included to satisfy reference by file (symbol)

c:/ac6/systemworkbench/plugins/fr.ac6.mcu.externaltools.arm-none.win32_1.15.0.201708311556/tools/compiler/bin/../lib/gcc/arm-none-eabi/6.3.1/thumb/v7e-m/fpv4-sp/hard\libgcc.a(_arm_addsubdf3.o)
                              Src/Ass-02-Q01.o (__aeabi_dsub)
c:/ac6/systemworkbench/plugins/fr.ac6.mcu.externaltools.arm-none.win32_1.15.0.201708311556/tools/compiler/bin/../lib/gcc/arm-none-eabi/6.3.1/thumb/v7e-m/fpv4-sp/hard\libgcc.a(_arm_muldivdf3.o)
                              Drivers/BSP/touch_panel.o (__aeabi_dmul)
c:/ac6/systemworkbench/plugins/fr.ac6.mcu.externaltools.arm-none.win32_1.15.0.201708311556/tools/compiler/bin/../lib/gcc/arm-none-eabi/6.3.1/thumb/v7e-m/fpv4-sp/hard\libgcc.a(_arm_cmpdf2.o)
                              Drivers/BSP/touch_panel.o (__aeabi_dcmpeq)
c:/ac6/systemworkbench/plugins/fr.ac6.mcu.externaltools.arm-none.win32_1.15.0.201708311556/tools/compiler/bin/../lib/gcc/arm-none-eabi/6.3.1/thumb/v7e-m/fpv4-sp/hard\libgcc.a(_arm_fixunsdfsi.o)
                              Drivers/BSP/touch_panel.o (__aeabi_d2uiz)
c:/ac6/systemworkbench/plugins/fr.ac6.mcu.externaltools.arm-none.win32_1.15.0.201708311556/tools/compiler/bin/../lib/gcc/arm-none-eabi/6.3.1/../../../../arm-none-eabi/lib/thumb/v7e-m/fpv4-sp/hard\libc_nano.a(lib_a-atof.o)
                              Src/Ass-02-Q01.o (atof)
c:/ac6/systemworkbench/plugins/fr.ac6.mcu.externaltools.arm-none.win32_1.15.0.201708311556/tools/compiler/bin/../lib/gcc/arm-none-eabi/6.3.1/../../../../arm-none-eabi/lib/thumb/v7e-m/fpv4-sp/hard\libc_nano.a(lib_a-atoi.o)
                              Src/Ass-02-Q01.o (atoi)
c:/ac6/systemworkbench/plugins/fr.ac6.mcu.externaltools.arm-none.win32_1.15.0.201708311556/tools/compiler/bin/../lib/gcc/arm-none-eabi/6.3.1/../../../../arm-none-eabi/lib/thumb/v7e-m/fpv4-sp/hard\libc_nano.a(lib_a-errno.o)
                              Src/syscalls.o (__errno)
c:/ac6/systemworkbench/plugins/fr.ac6.mcu.externaltools.arm-none.win32_1.15.0.201708311556/tools/compiler/bin/../lib/gcc/arm-none-eabi/6.3.1/../../../../arm-none-eabi/lib/thumb/v7e-m/fpv4-sp/hard\libc_nano.a(lib_a-exit.o)
                              c:/ac6/systemworkbench/plugins/fr.ac6.mcu.externaltools.arm-none.win32_1.15.0.201708311556/tools/compiler/bin/../lib/gcc/arm-none-eabi/6.3.1/../../../../arm-none-eabi/lib/thumb/v7e-m/fpv4-sp/hard/crt0.o (exit)
c:/ac6/systemworkbench/plugins/fr.ac6.mcu.externaltools.arm-none.win32_1.15.0.201708311556/tools/compiler/bin/../lib/gcc/arm-none-eabi/6.3.1/../../../../arm-none-eabi/lib/thumb/v7e-m/fpv4-sp/hard\libc_nano.a(lib_a-impure.o)
                              c:/ac6/systemworkbench/plugins/fr.ac6.mcu.externaltools.arm-none.win32_1.15.0.201708311556/tools/compiler/bin/../lib/gcc/arm-none-eabi/6.3.1/../../../../arm-none-eabi/lib/thumb/v7e-m/fpv4-sp/hard\libc_nano.a(lib_a-exit.o) (_global_impure_ptr)
c:/ac6/systemworkbench/plugins/fr.ac6.mcu.externaltools.arm-none.win32_1.15.0.201708311556/tools/compiler/bin/../lib/gcc/arm-none-eabi/6.3.1/../../../../arm-none-eabi/lib/thumb/v7e-m/fpv4-sp/hard\libc_nano.a(lib_a-init.o)
                              c:/ac6/systemworkbench/plugins/fr.ac6.mcu.externaltools.arm-none.win32_1.15.0.201708311556/tools/compiler/bin/../lib/gcc/arm-none-eabi/6.3.1/../../../../arm-none-eabi/lib/thumb/v7e-m/fpv4-sp/hard/crt0.o (__libc_init_array)
c:/ac6/systemworkbench/plugins/fr.ac6.mcu.externaltools.arm-none.win32_1.15.0.201708311556/tools/compiler/bin/../lib/gcc/arm-none-eabi/6.3.1/../../../../arm-none-eabi/lib/thumb/v7e-m/fpv4-sp/hard\libc_nano.a(lib_a-malloc.o)
                              Src/Ass-02-Q01.o (malloc)
c:/ac6/systemworkbench/plugins/fr.ac6.mcu.externaltools.arm-none.win32_1.15.0.201708311556/tools/compiler/bin/../lib/gcc/arm-none-eabi/6.3.1/../../../../arm-none-eabi/lib/thumb/v7e-m/fpv4-sp/hard\libc_nano.a(lib_a-memset.o)
                              c:/ac6/systemworkbench/plugins/fr.ac6.mcu.externaltools.arm-none.win32_1.15.0.201708311556/tools/compiler/bin/../lib/gcc/arm-none-eabi/6.3.1/../../../../arm-none-eabi/lib/thumb/v7e-m/fpv4-sp/hard/crt0.o (memset)
c:/ac6/systemworkbench/plugins/fr.ac6.mcu.externaltools.arm-none.win32_1.15.0.201708311556/tools/compiler/bin/../lib/gcc/arm-none-eabi/6.3.1/../../../../arm-none-eabi/lib/thumb/v7e-m/fpv4-sp/hard\libc_nano.a(lib_a-nano-freer.o)
                              c:/ac6/systemworkbench/plugins/fr.ac6.mcu.externaltools.arm-none.win32_1.15.0.201708311556/tools/compiler/bin/../lib/gcc/arm-none-eabi/6.3.1/../../../../arm-none-eabi/lib/thumb/v7e-m/fpv4-sp/hard\libc_nano.a(lib_a-malloc.o) (_free_r)
c:/ac6/systemworkbench/plugins/fr.ac6.mcu.externaltools.arm-none.win32_1.15.0.201708311556/tools/compiler/bin/../lib/gcc/arm-none-eabi/6.3.1/../../../../arm-none-eabi/lib/thumb/v7e-m/fpv4-sp/hard\libc_nano.a(lib_a-nano-mallocr.o)
[...]
Memory Configuration

Name             Origin             Length             Attributes
RAM              0x20000000         0x00020000         xrw
CCMRAM           0x10000000         0x00010000         rw
FLASH            0x08000000         0x00100000         xr
*default*        0x00000000         0xffffffff

Linker script and memory map

LOAD c:/ac6/systemworkbench/plugins/fr.ac6.mcu.externaltools.arm-none.win32_1.15.0.201708311556/tools/compiler/bin/../lib/gcc/arm-none-eabi/6.3.1/thumb/v7e-m/fpv4-sp/hard/crti.o
LOAD c:/ac6/systemworkbench/plugins/fr.ac6.mcu.externaltools.arm-none.win32_1.15.0.201708311556/tools/compiler/bin/../lib/gcc/arm-none-eabi/6.3.1/thumb/v7e-m/fpv4-sp/hard/crtbegin.o
LOAD c:/ac6/systemworkbench/plugins/fr.ac6.mcu.externaltools.arm-none.win32_1.15.0.201708311556/tools/compiler/bin/../lib/gcc/arm-none-eabi/6.3.1/../../../../arm-none-eabi/lib/thumb/v7e-m/fpv4-sp/hard/crt0.o
LOAD Drivers/BSP/ili9325.o
LOAD Drivers/BSP/openx07v_c_lcd.o
LOAD Drivers/BSP/touch_panel.o
LOAD Drivers/Fonts/font12.o
LOAD Drivers/Fonts/font16.o
LOAD Drivers/Fonts/font20.o
LOAD Drivers/Fonts/font24.o
LOAD Drivers/Fonts/font8.o
LOAD Drivers/STM32F4xx_HAL_Driver/Src/stm32f4xx_hal.o
LOAD Drivers/STM32F4xx_HAL_Driver/Src/stm32f4xx_hal_cortex.o
LOAD Drivers/STM32F4xx_HAL_Driver/Src/stm32f4xx_hal_dma.o
LOAD Drivers/STM32F4xx_HAL_Driver/Src/stm32f4xx_hal_dma_ex.o
LOAD Drivers/STM32F4xx_HAL_Driver/Src/stm32f4xx_hal_flash.o
LOAD Drivers/STM32F4xx_HAL_Driver/Src/stm32f4xx_hal_flash_ex.o
LOAD Drivers/STM32F4xx_HAL_Driver/Src/stm32f4xx_hal_flash_ramfunc.o
LOAD Drivers/STM32F4xx_HAL_Driver/Src/stm32f4xx_hal_gpio.o
LOAD Drivers/STM32F4xx_HAL_Driver/Src/stm32f4xx_hal_pwr.o
LOAD Drivers/STM32F4xx_HAL_Driver/Src/stm32f4xx_hal_pwr_ex.o
LOAD Drivers/STM32F4xx_HAL_Driver/Src/stm32f4xx_hal_rcc.o
LOAD Drivers/STM32F4xx_HAL_Driver/Src/stm32f4xx_hal_rcc_ex.o
LOAD Drivers/STM32F4xx_HAL_Driver/Src/stm32f4xx_hal_spi.o
LOAD Drivers/STM32F4xx_HAL_Driver/Src/stm32f4xx_hal_sram.o
LOAD Drivers/STM32F4xx_HAL_Driver/Src/stm32f4xx_hal_tim.o
LOAD Drivers/STM32F4xx_HAL_Driver/Src/stm32f4xx_hal_tim_ex.o
LOAD Drivers/STM32F4xx_HAL_Driver/Src/stm32f4xx_hal_uart.o
LOAD Drivers/STM32F4xx_HAL_Driver/Src/stm32f4xx_ll_fsmc.o
LOAD Src/Ass-02-Lib.o
LOAD Src/Ass-02-Q01.o
LOAD Src/Ass-02-Q02.o
LOAD Src/Ass-02.o
LOAD Src/fsmc.o
LOAD Src/gpio.o
LOAD Src/main.o
LOAD Src/spi.o
LOAD Src/stm32f4xx_hal_msp.o
LOAD Src/stm32f4xx_it.o
LOAD Src/syscalls.o
LOAD Src/system_stm32f4xx.o
LOAD Src/usart.o
LOAD startup/startup_stm32f407xx.o
LOAD c:/ac6/systemworkbench/plugins/fr.ac6.mcu.externaltools.arm-none.win32_1.15.0.201708311556/tools/compiler/bin/../lib/gcc/arm-none-eabi/6.3.1/../../../../arm-none-eabi/lib/thumb/v7e-m/fpv4-sp/hard\libm.a
START GROUP
LOAD c:/ac6/systemworkbench/plugins/fr.ac6.mcu.externaltools.arm-none.win32_1.15.0.201708311556/tools/compiler/bin/../lib/gcc/arm-none-eabi/6.3.1/thumb/v7e-m/fpv4-sp/hard\libgcc.a
LOAD c:/ac6/systemworkbench/plugins/fr.ac6.mcu.externaltools.arm-none.win32_1.15.0.201708311556/tools/compiler/bin/../lib/gcc/arm-none-eabi/6.3.1/../../../../arm-none-eabi/lib/thumb/v7e-m/fpv4-sp/hard\libc_nano.a
END GROUP
START GROUP
LOAD c:/ac6/systemworkbench/plugins/fr.ac6.mcu.externaltools.arm-none.win32_1.15.0.201708311556/tools/compiler/bin/../lib/gcc/arm-none-eabi/6.3.1/thumb/v7e-m/fpv4-sp/hard\libgcc.a
LOAD c:/ac6/systemworkbench/plugins/fr.ac6.mcu.externaltools.arm-none.win32_1.15.0.201708311556/tools/compiler/bin/../lib/gcc/arm-none-eabi/6.3.1/../../../../arm-none-eabi/lib/thumb/v7e-m/fpv4-sp/hard\libc_nano.a
LOAD c:/ac6/systemworkbench/plugins/fr.ac6.mcu.externaltools.arm-none.win32_1.15.0.201708311556/tools/compiler/bin/../lib/gcc/arm-none-eabi/6.3.1/../../../../arm-none-eabi/lib/thumb/v7e-m/fpv4-sp/hard\libnosys.a
END GROUP
START GROUP
LOAD c:/ac6/systemworkbench/plugins/fr.ac6.mcu.externaltools.arm-none.win32_1.15.0.201708311556/tools/compiler/bin/../lib/gcc/arm-none-eabi/6.3.1/thumb/v7e-m/fpv4-sp/hard\libgcc.a
LOAD c:/ac6/systemworkbench/plugins/fr.ac6.mcu.externaltools.arm-none.win32_1.15.0.201708311556/tools/compiler/bin/../lib/gcc/arm-none-eabi/6.3.1/../../../../arm-none-eabi/lib/thumb/v7e-m/fpv4-sp/hard\libc_nano.a
LOAD c:/ac6/systemworkbench/plugins/fr.ac6.mcu.externaltools.arm-none.win32_1.15.0.201708311556/tools/compiler/bin/../lib/gcc/arm-none-eabi/6.3.1/../../../../arm-none-eabi/lib/thumb/v7e-m/fpv4-sp/hard\libnosys.a
END GROUP
LOAD c:/ac6/systemworkbench/plugins/fr.ac6.mcu.externaltools.arm-none.win32_1.15.0.201708311556/tools/compiler/bin/../lib/gcc/arm-none-eabi/6.3.1/thumb/v7e-m/fpv4-sp/hard/crtend.o
LOAD c:/ac6/systemworkbench/plugins/fr.ac6.mcu.externaltools.arm-none.win32_1.15.0.201708311556/tools/compiler/bin/../lib/gcc/arm-none-eabi/6.3.1/thumb/v7e-m/fpv4-sp/hard/crtn.o
                0x20020000                _estack = 0x20020000
                0x00002000                _Min_Heap_Size = 0x2000
                0x00004000                _Min_Stack_Size = 0x4000

.isr_vector     0x08000000      0x188
                0x08000000                . = ALIGN (0x4)
 *(.isr_vector)
 .isr_vector    0x08000000      0x188 startup/startup_stm32f407xx.o
                0x08000000                g_pfnVectors
                0x08000188                . = ALIGN (0x4)

.text           0x08000190     0x851c
                0x08000190                . = ALIGN (0x4)
 *(.text)
 .text          0x08000190       0x6c c:/ac6/systemworkbench/plugins/fr.ac6.mcu.externaltools.arm-none.win32_1.15.0.201708311556/tools/compiler/bin/../lib/gcc/arm-none-eabi/6.3.1/thumb/v7e-m/fpv4-sp/hard/crtbegin.o
 .text          0x080001fc      0x370 c:/ac6/systemworkbench/plugins/fr.ac6.mcu.externaltools.arm-none.win32_1.15.0.201708311556/tools/compiler/bin/../lib/gcc/arm-none-eabi/6.3.1/thumb/v7e-m/fpv4-sp/hard\libgcc.a(_arm_addsubdf3.o)
                0x080001fc                __aeabi_drsub
                0x08000204                __aeabi_dsub
                0x08000204                __subdf3
                0x08000208                __aeabi_dadd
                0x08000208                __adddf3
                0x08000480                __floatunsidf
                0x08000480                __aeabi_ui2d
                0x080004a0                __floatsidf
                0x080004a0                __aeabi_i2d
                0x080004c4                __aeabi_f2d
                0x080004c4                __extendsfdf2
                0x08000500                __floatundidf
                0x08000500                __aeabi_ul2d
                0x08000510                __floatdidf
                0x08000510                __aeabi_l2d
 .text          0x0800056c      0x424 c:/ac6/systemworkbench/plugins/fr.ac6.mcu.externaltools.arm-none.win32_1.15.0.201708311556/tools/compiler/bin/../lib/gcc/arm-none-eabi/6.3.1/thumb/v7e-m/fpv4-sp/hard\libgcc.a(_arm_muldivdf3.o)
                0x0800056c                __aeabi_dmul
                0x0800056c                __muldf3
                0x080007c0                __divdf3
                0x080007c0                __aeabi_ddiv
 .text          0x08000990      0x110 c:/ac6/systemworkbench/plugins/fr.ac6.mcu.externaltools.arm-none.win32_1.15.0.201708311556/tools/compiler/bin/../lib/gcc/arm-none-eabi/6.3.1/thumb/v7e-m/fpv4-sp/hard\libgcc.a(_arm_cmpdf2.o)
                0x08000990                __gtdf2
                0x08000990                __gedf2
                0x08000998                __ltdf2
                0x08000998                __ledf2
                0x080009a0                __nedf2
                0x080009a0                __eqdf2
                0x080009a0                __cmpdf2
                0x08000a1c                __aeabi_cdrcmple
                0x08000a2c                __aeabi_cdcmpeq
                0x08000a2c                __aeabi_cdcmple
                0x08000a3c                __aeabi_dcmpeq
                0x08000a50                __aeabi_dcmplt
                0x08000a64                __aeabi_dcmple
                0x08000a78                __aeabi_dcmpge
                0x08000a8c                __aeabi_dcmpgt
 .text          0x08000aa0       0x40 c:/ac6/systemworkbench/plugins/fr.ac6.mcu.externaltools.arm-none.win32_1.15.0.201708311556/tools/compiler/bin/../lib/gcc/arm-none-eabi/6.3.1/thumb/v7e-m/fpv4-sp/hard\libgcc.a(_arm_fixunsdfsi.o)
                0x08000aa0                __aeabi_d2uiz
                0x08000aa0                __fixunsdfsi
 .text          0x08000ae0       0x14 c:/ac6/systemworkbench/plugins/fr.ac6.mcu.externaltools.arm-none.win32_1.15.0.201708311556/tools/compiler/bin/../lib/gcc/arm-none-eabi/6.3.1/../../../../arm-none-eabi/lib/thumb/v7e-m/fpv4-sp/hard\libc_nano.a(lib_a-strcmp.o)
                0x08000ae0                strcmp
 .text          0x08000af4       0x10 c:/ac6/systemworkbench/plugins/fr.ac6.mcu.externaltools.arm-none.win32_1.15.0.201708311556/tools/compiler/bin/../lib/gcc/arm-none-eabi/6.3.1/../../../../arm-none-eabi/lib/thumb/v7e-m/fpv4-sp/hard\libc_nano.a(lib_a-strlen.o)
                0x08000af4                strlen
 *fill*         0x08000b04        0xc 
 .text          0x08000b10       0xa0 c:/ac6/systemworkbench/plugins/fr.ac6.mcu.externaltools.arm-none.win32_1.15.0.201708311556/tools/compiler/bin/../lib/gcc/arm-none-eabi/6.3.1/../../../../arm-none-eabi/lib/thumb/v7e-m/fpv4-sp/hard\libc_nano.a(lib_a-memchr.o)
                0x08000b10                memchr
 .text          0x08000bb0       0x2c c:/ac6/systemworkbench/plugins/fr.ac6.mcu.externaltools.arm-none.win32_1.15.0.201708311556/tools/compiler/bin/../lib/gcc/arm-none-eabi/6.3.1/thumb/v7e-m/fpv4-sp/hard\libgcc.a(_arm_unorddf2.o)
                0x08000bb0                __unorddf2
                0x08000bb0                __aeabi_dcmpun
 .text          0x08000bdc       0x50 c:/ac6/systemworkbench/plugins/fr.ac6.mcu.externaltools.arm-none.win32_1.15.0.201708311556/tools/compiler/bin/../lib/gcc/arm-none-eabi/6.3.1/thumb/v7e-m/fpv4-sp/hard\libgcc.a(_arm_fixdfsi.o)
                0x08000bdc                __aeabi_d2iz
                0x08000bdc                __fixdfsi
 .text          0x08000c2c       0xa0 c:/ac6/systemworkbench/plugins/fr.ac6.mcu.externaltools.arm-none.win32_1.15.0.201708311556/tools/compiler/bin/../lib/gcc/arm-none-eabi/6.3.1/thumb/v7e-m/fpv4-sp/hard\libgcc.a(_arm_truncdfsf2.o)
                0x08000c2c                __truncdfsf2
                0x08000c2c                __aeabi_d2f
 *(.text*)
 .text.ili9325_GetLcdPixelWidth
                0x08000ccc        0x6 Drivers/BSP/ili9325.o
                0x08000ccc                ili9325_GetLcdPixelWidth
 .text.ili9325_GetLcdPixelHeight
                0x08000cd2        0x4 Drivers/BSP/ili9325.o
                0x08000cd2                ili9325_GetLcdPixelHeight
 *fill*         0x08000cd6        0x2 
 .text.LCD_IO_WriteMultipleData
                0x08000cd8       0x1c Drivers/BSP/ili9325.o
                0x08000cd8                LCD_IO_WriteMultipleData
 .text.ili9325_WriteReg
                0x08000cf4       0x1c Drivers/BSP/ili9325.o
                0x08000cf4                ili9325_WriteReg
 .text.ili9325_DisplayOn
                0x08000d10       0x60 Drivers/BSP/ili9325.o
                0x08000d10                ili9325_DisplayOn
 .text.ili9325_DisplayOff
                0x08000d70       0x36 Drivers/BSP/ili9325.o
                0x08000d70                ili9325_DisplayOff
 .text.ili9325_SetCursor
                0x08000da6       0x1c Drivers/BSP/ili9325.o
                0x08000da6                ili9325_SetCursor
 .text.ili9325_WritePixel
                0x08000dc2       0x20 Drivers/BSP/ili9325.o
                0x08000dc2                ili9325_WritePixel
 .text.ili9325_ReadPixel
                0x08000de2       0x1a Drivers/BSP/ili9325.o
                0x08000de2                ili9325_ReadPixel
 .text.ili9325_DrawHLine
                0x08000dfc       0x38 Drivers/BSP/ili9325.o
                0x08000dfc                ili9325_DrawHLine
 .text.ili9325_DrawRGBImage
                0x08000e34       0x24 Drivers/BSP/ili9325.o
                0x08000e34                ili9325_DrawRGBImage
 .text.ili9325_Clear
                0x08000e58       0x2c Drivers/BSP/ili9325.o
                0x08000e58                ili9325_Clear
 .text.ili9325_Init
                0x08000e84      0x1ec Drivers/BSP/ili9325.o
                0x08000e84                ili9325_Init
 .text.ili9325_SetDisplayWindow
                0x08001070       0x3a Drivers/BSP/ili9325.o
                0x08001070                ili9325_SetDisplayWindow
 *fill*         0x080010aa        0x2 
 .text.ili9325_DrawVLine
                0x080010ac       0x50 Drivers/BSP/ili9325.o
                0x080010ac                ili9325_DrawVLine
 .text.ili9325_DrawBitmap
                0x080010fc       0x50 Drivers/BSP/ili9325.o
                0x080010fc                ili9325_DrawBitmap
 .text.ili9325_ReadReg
                0x0800114c       0x28 Drivers/BSP/ili9325.o
                0x0800114c                ili9325_ReadReg
 .text.ili9325_ReadID
                0x08001174        0x6 Drivers/BSP/ili9325.o
                0x08001174                ili9325_ReadID
 *fill*         0x0800117a        0x2 
 .text.LCD_DrawPixel
                0x0800117c       0x10 Drivers/BSP/openx07v_c_lcd.o
 .text.LCD_SetDisplayWindow
                0x0800118c       0x1c Drivers/BSP/openx07v_c_lcd.o
 .text.BSP_LCD_Init
                0x080011a8       0x68 Drivers/BSP/openx07v_c_lcd.o
                0x080011a8                BSP_LCD_Init
 .text.BSP_LCD_GetXSize
                0x08001210       0x10 Drivers/BSP/openx07v_c_lcd.o
                0x08001210                BSP_LCD_GetXSize
 .text.BSP_LCD_GetYSize
                0x08001220       0x10 Drivers/BSP/openx07v_c_lcd.o
                0x08001220                BSP_LCD_GetYSize
 .text.BSP_LCD_SetTextColor
                0x08001230        0xc Drivers/BSP/openx07v_c_lcd.o
                0x08001230                BSP_LCD_SetTextColor
 .text.BSP_LCD_SetBackColor
                0x0800123c        0xc Drivers/BSP/openx07v_c_lcd.o
                0x0800123c                BSP_LCD_SetBackColor
 .text.BSP_LCD_SetFont
                0x08001248        0xc Drivers/BSP/openx07v_c_lcd.o
                0x08001248                BSP_LCD_SetFont
 .text.BSP_LCD_GetFont
                0x08001254        0xc Drivers/BSP/openx07v_c_lcd.o
                0x08001254                BSP_LCD_GetFont
 .text.BSP_LCD_DrawHLine
                0x08001260       0x4c Drivers/BSP/openx07v_c_lcd.o
                0x08001260                BSP_LCD_DrawHLine
 .text.BSP_LCD_Clear
                0x080012ac       0x30 Drivers/BSP/openx07v_c_lcd.o
                0x080012ac                BSP_LCD_Clear
 .text.BSP_LCD_DrawVLine
                0x080012dc       0x4c Drivers/BSP/openx07v_c_lcd.o
                0x080012dc                BSP_LCD_DrawVLine
 .text.BSP_LCD_DrawBitmap
                0x08001328       0x48 Drivers/BSP/openx07v_c_lcd.o
                0x08001328                BSP_LCD_DrawBitmap
 .text.BSP_LCD_DisplayChar
                0x08001370      0x140 Drivers/BSP/openx07v_c_lcd.o
                0x08001370                BSP_LCD_DisplayChar
 .text.BSP_LCD_DisplayStringAt
                0x080014b0       0x90 Drivers/BSP/openx07v_c_lcd.o
                0x080014b0                BSP_LCD_DisplayStringAt
 .text.BSP_LCD_FillRect
                0x08001540       0x30 Drivers/BSP/openx07v_c_lcd.o
                0x08001540                BSP_LCD_FillRect
 .text.BSP_LCD_DisplayOn
                0x08001570        0xc Drivers/BSP/openx07v_c_lcd.o
                0x08001570                BSP_LCD_DisplayOn
 .text.RD_AD    0x0800157c       0x2c Drivers/BSP/touch_panel.o
 .text.TP_Init  0x080015a8        0x2 Drivers/BSP/touch_panel.o
                0x080015a8                TP_Init
 *fill*         0x080015aa        0x2 
 .text.Read_X   0x080015ac       0x40 Drivers/BSP/touch_panel.o
                0x080015ac                Read_X
 .text.Read_Y   0x080015ec       0x40 Drivers/BSP/touch_panel.o
                0x080015ec                Read_Y
 .text.TP_GetAdXY
                0x0800162c       0x16 Drivers/BSP/touch_panel.o
                0x0800162c                TP_GetAdXY
 .text.DrawCross
                0x08001642       0x3a Drivers/BSP/touch_panel.o
                0x08001642                DrawCross
 .text.Read_Ads7846
                0x0800167c      0x148 Drivers/BSP/touch_panel.o
                0x0800167c                Read_Ads7846
 .text.setCalibrationMatrix
                0x080017c4      0x144 Drivers/BSP/touch_panel.o
                0x080017c4                setCalibrationMatrix
 .text.getDisplayPoint
                0x08001908       0xbe Drivers/BSP/touch_panel.o
                0x08001908                getDisplayPoint
 *fill*         0x080019c6        0x2 
 .text.TouchPanel_Calibrate
                0x080019c8       0xa8 Drivers/BSP/touch_panel.o
                0x080019c8                TouchPanel_Calibrate
 .text.HAL_InitTick
                0x08001a70       0x28 Drivers/STM32F4xx_HAL_Driver/Src/stm32f4xx_hal.o
                0x08001a70                HAL_InitTick
 .text.HAL_Init
                0x08001a98       0x34 Drivers/STM32F4xx_HAL_Driver/Src/stm32f4xx_hal.o
                0x08001a98                HAL_Init
 .text.HAL_IncTick
                0x08001acc       0x10 Drivers/STM32F4xx_HAL_Driver/Src/stm32f4xx_hal.o
                0x08001acc                HAL_IncTick
 .text.HAL_GetTick
                0x08001adc        0xc Drivers/STM32F4xx_HAL_Driver/Src/stm32f4xx_hal.o
                0x08001adc                HAL_GetTick
 .text.HAL_Delay
                0x08001ae8       0x1a Drivers/STM32F4xx_HAL_Driver/Src/stm32f4xx_hal.o
                0x08001ae8                HAL_Delay
 *fill*         0x08001b02        0x2 
 .text.HAL_NVIC_SetPriorityGrouping
                0x08001b04       0x24 Drivers/STM32F4xx_HAL_Driver/Src/stm32f4xx_hal_cortex.o
                0x08001b04                HAL_NVIC_SetPriorityGrouping
 .text.HAL_NVIC_SetPriority
                0x08001b28       0x68 Drivers/STM32F4xx_HAL_Driver/Src/stm32f4xx_hal_cortex.o
                0x08001b28                HAL_NVIC_SetPriority
 .text.HAL_NVIC_EnableIRQ
                0x08001b90       0x18 Drivers/STM32F4xx_HAL_Driver/Src/stm32f4xx_hal_cortex.o
                0x08001b90                HAL_NVIC_EnableIRQ
 .text.HAL_SYSTICK_Config
                0x08001ba8       0x2c Drivers/STM32F4xx_HAL_Driver/Src/stm32f4xx_hal_cortex.o
                0x08001ba8                HAL_SYSTICK_Config
 .text.HAL_SYSTICK_CLKSourceConfig
                0x08001bd4       0x18 Drivers/STM32F4xx_HAL_Driver/Src/stm32f4xx_hal_cortex.o
                0x08001bd4                HAL_SYSTICK_CLKSourceConfig
 .text.HAL_SYSTICK_Callback
                0x08001bec        0x2 Drivers/STM32F4xx_HAL_Driver/Src/stm32f4xx_hal_cortex.o
                0x08001bec                HAL_SYSTICK_Callback
 .text.HAL_SYSTICK_IRQHandler
                0x08001bee        0x8 Drivers/STM32F4xx_HAL_Driver/Src/stm32f4xx_hal_cortex.o
                0x08001bee                HAL_SYSTICK_IRQHandler
 .text.HAL_DMA_Abort_IT
                0x08001bf6       0x24 Drivers/STM32F4xx_HAL_Driver/Src/stm32f4xx_hal_dma.o
                0x08001bf6                HAL_DMA_Abort_IT
 *fill*         0x08001c1a        0x2 
 .text.HAL_GPIO_Init
                0x08001c1c      0x1c0 Drivers/STM32F4xx_HAL_Driver/Src/stm32f4xx_hal_gpio.o
                0x08001c1c                HAL_GPIO_Init
 .text.HAL_GPIO_ReadPin
                0x08001ddc        0xc Drivers/STM32F4xx_HAL_Driver/Src/stm32f4xx_hal_gpio.o
                0x08001ddc                HAL_GPIO_ReadPin
 .text.HAL_GPIO_WritePin
                0x08001de8        0xa Drivers/STM32F4xx_HAL_Driver/Src/stm32f4xx_hal_gpio.o
                0x08001de8                HAL_GPIO_WritePin
 .text.HAL_GPIO_TogglePin
                0x08001df2        0x8 Drivers/STM32F4xx_HAL_Driver/Src/stm32f4xx_hal_gpio.o
                0x08001df2                HAL_GPIO_TogglePin
 *fill*         0x08001dfa        0x2 
 .text.HAL_RCC_OscConfig
                0x08001dfc      0x328 Drivers/STM32F4xx_HAL_Driver/Src/stm32f4xx_hal_rcc.o
                0x08001dfc                HAL_RCC_OscConfig
 .text.HAL_RCC_GetSysClockFreq
                0x08002124       0x74 Drivers/STM32F4xx_HAL_Driver/Src/stm32f4xx_hal_rcc.o
                0x08002124                HAL_RCC_GetSysClockFreq
 .text.HAL_RCC_ClockConfig
                0x08002198      0x16c Drivers/STM32F4xx_HAL_Driver/Src/stm32f4xx_hal_rcc.o
                0x08002198                HAL_RCC_ClockConfig
 .text.HAL_RCC_GetHCLKFreq
                0x08002304        0xc Drivers/STM32F4xx_HAL_Driver/Src/stm32f4xx_hal_rcc.o
                0x08002304                HAL_RCC_GetHCLKFreq
 .text.HAL_RCC_GetPCLK1Freq
                0x08002310       0x30 Drivers/STM32F4xx_HAL_Driver/Src/stm32f4xx_hal_rcc.o
                0x08002310                HAL_RCC_GetPCLK1Freq
 .text.HAL_RCC_GetPCLK2Freq
                0x08002340       0x30 Drivers/STM32F4xx_HAL_Driver/Src/stm32f4xx_hal_rcc.o
                0x08002340                HAL_RCC_GetPCLK2Freq
 .text.SPI_WaitFlagStateUntilTimeout
                0x08002370       0x8e Drivers/STM32F4xx_HAL_Driver/Src/stm32f4xx_hal_spi.o
 .text.SPI_CheckFlag_BSY
                0x080023fe       0x20 Drivers/STM32F4xx_HAL_Driver/Src/stm32f4xx_hal_spi.o
 .text.HAL_SPI_Init
                0x0800241e       0x7a Drivers/STM32F4xx_HAL_Driver/Src/stm32f4xx_hal_spi.o
                0x0800241e                HAL_SPI_Init
 .text.HAL_SPI_Transmit
                0x08002498      0x152 Drivers/STM32F4xx_HAL_Driver/Src/stm32f4xx_hal_spi.o
                0x08002498                HAL_SPI_Transmit
 .text.HAL_SPI_TransmitReceive
                0x080025ea      0x1f8 Drivers/STM32F4xx_HAL_Driver/Src/stm32f4xx_hal_spi.o
                0x080025ea                HAL_SPI_TransmitReceive
 .text.HAL_SPI_Receive
                0x080027e2      0x13e Drivers/STM32F4xx_HAL_Driver/Src/stm32f4xx_hal_spi.o
                0x080027e2                HAL_SPI_Receive
 .text.HAL_SPI_ErrorCallback
                0x08002920        0x2 Drivers/STM32F4xx_HAL_Driver/Src/stm32f4xx_hal_spi.o
                0x08002920                HAL_SPI_ErrorCallback
 *fill*         0x08002922        0x2 
 .text.HAL_SPI_IRQHandler
                0x08002924       0xe8 Drivers/STM32F4xx_HAL_Driver/Src/stm32f4xx_hal_spi.o
                0x08002924                HAL_SPI_IRQHandler
 .text.SPI_DMAAbortOnError
                0x08002a0c       0x10 Drivers/STM32F4xx_HAL_Driver/Src/stm32f4xx_hal_spi.o
 .text.HAL_SRAM_Init
                0x08002a1c       0x54 Drivers/STM32F4xx_HAL_Driver/Src/stm32f4xx_hal_sram.o
                0x08002a1c                HAL_SRAM_Init
 .text.UART_SetConfig
                0x08002a70      0x234 Drivers/STM32F4xx_HAL_Driver/Src/stm32f4xx_hal_uart.o
 .text.UART_WaitOnFlagUntilTimeout.constprop.3
                0x08002ca4       0x50 Drivers/STM32F4xx_HAL_Driver/Src/stm32f4xx_hal_uart.o
 .text.HAL_UART_Init
                0x08002cf4       0x5c Drivers/STM32F4xx_HAL_Driver/Src/stm32f4xx_hal_uart.o
                0x08002cf4                HAL_UART_Init
 .text.HAL_UART_Transmit
                0x08002d50       0xba Drivers/STM32F4xx_HAL_Driver/Src/stm32f4xx_hal_uart.o
                0x08002d50                HAL_UART_Transmit
 .text.HAL_UART_Receive
                0x08002e0a       0xc0 Drivers/STM32F4xx_HAL_Driver/Src/stm32f4xx_hal_uart.o
                0x08002e0a                HAL_UART_Receive
 *fill*         0x08002eca        0x2 
 .text.FSMC_NORSRAM_Init
                0x08002ecc       0x58 Drivers/STM32F4xx_HAL_Driver/Src/stm32f4xx_ll_fsmc.o
                0x08002ecc                FSMC_NORSRAM_Init
 .text.FSMC_NORSRAM_Timing_Init
                0x08002f24       0x3c Drivers/STM32F4xx_HAL_Driver/Src/stm32f4xx_ll_fsmc.o
                0x08002f24                FSMC_NORSRAM_Timing_Init
 .text.FSMC_NORSRAM_Extended_Timing_Init
                0x08002f60       0x3c Drivers/STM32F4xx_HAL_Driver/Src/stm32f4xx_ll_fsmc.o
                0x08002f60                FSMC_NORSRAM_Extended_Timing_Init
 .text.BSP_TP_Init
                0x08002f9c        0xe Src/Ass-02-Lib.o
                0x08002f9c                BSP_TP_Init
 *fill*         0x08002faa        0x2 
 .text.BSP_TP_GetDisplayPoint
                0x08002fac       0x30 Src/Ass-02-Lib.o
                0x08002fac                BSP_TP_GetDisplayPoint
 .text.debug    0x08002fdc       0x50 Src/Ass-02-Q01.o
                0x08002fdc                debug
 .text.isNumber
                0x0800302c       0x60 Src/Ass-02-Q01.o
                0x0800302c                isNumber
 .text.divide   0x0800308c       0x64 Src/Ass-02-Q01.o
                0x0800308c                divide
 .text.subtract
                0x080030f0       0x64 Src/Ass-02-Q01.o
                0x080030f0                subtract
 .text.add      0x08003154       0x78 Src/Ass-02-Q01.o
                0x08003154                add
 .text.multiply
                0x080031cc       0x7c Src/Ass-02-Q01.o
                0x080031cc                multiply
 .text.isControlChar
                0x08003248       0x12 Src/Ass-02-Q01.o
                0x08003248                isControlChar
 *fill*         0x0800325a        0x2 
 .text.CommandLineParserInit
                0x0800325c       0x20 Src/Ass-02-Q01.o
                0x0800325c                CommandLineParserInit
 .text.Command_Function
                0x0800327c       0x58 Src/Ass-02-Q01.o
                0x0800327c                Command_Function
 .text.string_parser2
                0x080032d4       0x4e Src/Ass-02-Q01.o
                0x080032d4                string_parser2
 *fill*         0x08003322        0x2 
 .text.CommandLineParserProcess
                0x08003324       0xc8 Src/Ass-02-Q01.o
                0x08003324                CommandLineParserProcess
 .text.button_show
                0x080033ec       0x5a Src/Ass-02-Q02.o
                0x080033ec                button_show
 .text.button_press
                0x08003446       0x5a Src/Ass-02-Q02.o
                0x08003446                button_press
 .text.is_pressed
                0x080034a0       0x3c Src/Ass-02-Q02.o
                0x080034a0                is_pressed
 .text.button_pressed
                0x080034dc      0x128 Src/Ass-02-Q02.o
                0x080034dc                button_pressed
 .text.CalculatorInit
                0x08003604       0xa0 Src/Ass-02-Q02.o
                0x08003604                CalculatorInit
 .text.CalculatorProcess
                0x080036a4      0x10c Src/Ass-02-Q02.o
                0x080036a4                CalculatorProcess
 .text.Ass_02_Main
                0x080037b0       0x30 Src/Ass-02.o
                0x080037b0                Ass_02_Main
 .text.MX_FSMC_Init
                0x080037e0       0x64 Src/fsmc.o
                0x080037e0                MX_FSMC_Init
 .text.HAL_SRAM_MspInit
                0x08003844       0x6c Src/fsmc.o
                0x08003844                HAL_SRAM_MspInit
 .text.MX_GPIO_Init
                0x080038b0      0x248 Src/gpio.o
                0x080038b0                MX_GPIO_Init
 .text.SystemClock_Config
                0x08003af8       0xac Src/main.o
                0x08003af8                SystemClock_Config
 .text.startup.main
                0x08003ba4       0x50 Src/main.o
                0x08003ba4                main
 .text.Error_Handler
                0x08003bf4        0x2 Src/main.o
                0x08003bf4                Error_Handler
 *fill*         0x08003bf6        0x2 
 .text.MX_SPI2_Init
                0x08003bf8       0x44 Src/spi.o
                0x08003bf8                MX_SPI2_Init
 .text.HAL_SPI_MspInit
                0x08003c3c       0x60 Src/spi.o
                0x08003c3c                HAL_SPI_MspInit
 .text.HAL_MspInit
                0x08003c9c       0x60 Src/stm32f4xx_hal_msp.o
                0x08003c9c                HAL_MspInit
 .text.NMI_Handler
                0x08003cfc        0x2 Src/stm32f4xx_it.o
                0x08003cfc                NMI_Handler
 .text.HardFault_Handler
                0x08003cfe        0x2 Src/stm32f4xx_it.o
                0x08003cfe                HardFault_Handler
 .text.MemManage_Handler
                0x08003d00        0x2 Src/stm32f4xx_it.o
                0x08003d00                MemManage_Handler
 .text.BusFault_Handler
                0x08003d02        0x2 Src/stm32f4xx_it.o
                0x08003d02                BusFault_Handler
 .text.UsageFault_Handler
                0x08003d04        0x2 Src/stm32f4xx_it.o
                0x08003d04                UsageFault_Handler
 .text.SVC_Handler
                0x08003d06        0x2 Src/stm32f4xx_it.o
                0x08003d06                SVC_Handler
 .text.DebugMon_Handler
                0x08003d08        0x2 Src/stm32f4xx_it.o
                0x08003d08                DebugMon_Handler
 .text.PendSV_Handler
                0x08003d0a        0x2 Src/stm32f4xx_it.o
                0x08003d0a                PendSV_Handler
 .text.SysTick_Handler
                0x08003d0c        0xe Src/stm32f4xx_it.o
                0x08003d0c                SysTick_Handler
 *fill*         0x08003d1a        0x2 
 .text.SPI2_IRQHandler
                0x08003d1c        0xc Src/stm32f4xx_it.o
                0x08003d1c                SPI2_IRQHandler
 .text._read    0x08003d28       0x1c Src/syscalls.o
                0x08003d28                _read
 .text._write   0x08003d44       0x1c Src/syscalls.o
                0x08003d44                _write
 .text._sbrk    0x08003d60       0x34 Src/syscalls.o
                0x08003d60                _sbrk
 .text._close   0x08003d94        0x6 Src/syscalls.o
                0x08003d94                _close
 .text._fstat   0x08003d9a        0xa Src/syscalls.o
                0x08003d9a                _fstat
 .text._isatty  0x08003da4        0x4 Src/syscalls.o
                0x08003da4                _isatty
 .text._lseek   0x08003da8        0x4 Src/syscalls.o
                0x08003da8                _lseek
 .text.SystemInit
                0x08003dac       0x4c Src/system_stm32f4xx.o
                0x08003dac                SystemInit
 .text.MX_USART2_UART_Init
                0x08003df8       0x38 Src/usart.o
                0x08003df8                MX_USART2_UART_Init
 .text.HAL_UART_MspInit
                0x08003e30       0x50 Src/usart.o
                0x08003e30                HAL_UART_MspInit
 .text.__io_putchar
                0x08003e80       0x20 Src/usart.o
                0x08003e80                __io_putchar
 .text.__io_getchar
                0x08003ea0       0x24 Src/usart.o
                0x08003ea0                __io_getchar
 .text.Reset_Handler
                0x08003ec4       0x50 startup/startup_stm32f407xx.o
                0x08003ec4                Reset_Handler
 .text.Default_Handler
                0x08003f14        0x2 startup/startup_stm32f407xx.o
                0x08003f14                RTC_Alarm_IRQHandler
                0x08003f14                HASH_RNG_IRQHandler
                0x08003f14                EXTI2_IRQHandler
                0x08003f14                TIM8_CC_IRQHandler
                0x08003f14                TIM1_CC_IRQHandler
                0x08003f14                DMA2_Stream5_IRQHandler
                0x08003f14                DMA1_Stream5_IRQHandler
                0x08003f14                PVD_IRQHandler
                0x08003f14                SDIO_IRQHandler
                0x08003f14                TAMP_STAMP_IRQHandler
                0x08003f14                CAN2_RX1_IRQHandler
                0x08003f14                EXTI3_IRQHandler
                0x08003f14                TIM8_TRG_COM_TIM14_IRQHandler
                0x08003f14                TIM1_UP_TIM10_IRQHandler
                0x08003f14                TIM8_UP_TIM13_IRQHandler
                0x08003f14                I2C3_ER_IRQHandler
                0x08003f14                EXTI0_IRQHandler
                0x08003f14                I2C2_EV_IRQHandler
                0x08003f14                DMA1_Stream2_IRQHandler
                0x08003f14                CAN1_RX0_IRQHandler
                0x08003f14                FPU_IRQHandler
                0x08003f14                OTG_HS_WKUP_IRQHandler
                0x08003f14                CAN2_SCE_IRQHandler
                0x08003f14                DMA2_Stream2_IRQHandler
                0x08003f14                SPI1_IRQHandler
                0x08003f14                TIM6_DAC_IRQHandler
                0x08003f14                TIM1_BRK_TIM9_IRQHandler
                0x08003f14                DCMI_IRQHandler
                0x08003f14                CAN2_RX0_IRQHandler
                0x08003f14                DMA2_Stream3_IRQHandler
                0x08003f14                USART6_IRQHandler
                0x08003f14                USART3_IRQHandler
                0x08003f14                CAN1_RX1_IRQHandler
                0x08003f14                UART5_IRQHandler
                0x08003f14                DMA2_Stream0_IRQHandler
                0x08003f14                TIM4_IRQHandler
                0x08003f14                I2C1_EV_IRQHandler
                0x08003f14                DMA1_Stream6_IRQHandler
                0x08003f14                DMA1_Stream1_IRQHandler
                0x08003f14                UART4_IRQHandler
                0x08003f14                TIM3_IRQHandler
                0x08003f14                RCC_IRQHandler
                0x08003f14                TIM8_BRK_TIM12_IRQHandler
                0x08003f14                Default_Handler
                0x08003f14                EXTI15_10_IRQHandler
                0x08003f14                ADC_IRQHandler
                0x08003f14                DMA1_Stream7_IRQHandler
                0x08003f14                TIM7_IRQHandler
                0x08003f14                CAN2_TX_IRQHandler
                0x08003f14                TIM5_IRQHandler
                0x08003f14                DMA2_Stream7_IRQHandler
                0x08003f14                I2C3_EV_IRQHandler
                0x08003f14                EXTI9_5_IRQHandler
                0x08003f14                RTC_WKUP_IRQHandler
                0x08003f14                ETH_WKUP_IRQHandler
                0x08003f14                OTG_HS_EP1_IN_IRQHandler
                0x08003f14                DMA1_Stream0_IRQHandler
                0x08003f14                CAN1_TX_IRQHandler
                0x08003f14                EXTI4_IRQHandler
                0x08003f14                FSMC_IRQHandler
                0x08003f14                ETH_IRQHandler
                0x08003f14                OTG_HS_EP1_OUT_IRQHandler
                0x08003f14                WWDG_IRQHandler
                0x08003f14                TIM2_IRQHandler
                0x08003f14                OTG_FS_WKUP_IRQHandler
                0x08003f14                TIM1_TRG_COM_TIM11_IRQHandler
                0x08003f14                OTG_HS_IRQHandler
                0x08003f14                EXTI1_IRQHandler
                0x08003f14                USART2_IRQHandler
                0x08003f14                I2C2_ER_IRQHandler
                0x08003f14                DMA2_Stream1_IRQHandler
                0x08003f14                CAN1_SCE_IRQHandler
                0x08003f14                FLASH_IRQHandler
                0x08003f14                DMA2_Stream4_IRQHandler
                0x08003f14                USART1_IRQHandler
                0x08003f14                OTG_FS_IRQHandler
                0x08003f14                SPI3_IRQHandler
                0x08003f14                DMA1_Stream4_IRQHandler
                0x08003f14                I2C1_ER_IRQHandler
                0x08003f14                DMA2_Stream6_IRQHandler
                0x08003f14                DMA1_Stream3_IRQHandler
 .text.atof     0x08003f16        0x6 c:/ac6/systemworkbench/plugins/fr.ac6.mcu.externaltools.arm-none.win32_1.15.0.201708311556/tools/compiler/bin/../lib/gcc/arm-none-eabi/6.3.1/../../../../arm-none-eabi/lib/thumb/v7e-m/fpv4-sp/hard\libc_nano.a(lib_a-atof.o)
                0x08003f16                atof
 .text.__errno  0x08003f1c        0xc c:/ac6/systemworkbench/plugins/fr.ac6.mcu.externaltools.arm-none.win32_1.15.0.201708311556/tools/compiler/bin/../lib/gcc/arm-none-eabi/6.3.1/../../../../arm-none-eabi/lib/thumb/v7e-m/fpv4-sp/hard\libc_nano.a(lib_a-errno.o)
                0x08003f1c                __errno
 .text.__libc_init_array
                0x08003f28       0x48 c:/ac6/systemworkbench/plugins/fr.ac6.mcu.externaltools.arm-none.win32_1.15.0.201708311556/tools/compiler/bin/../lib/gcc/arm-none-eabi/6.3.1/../../../../arm-none-eabi/lib/thumb/v7e-m/fpv4-sp/hard\libc_nano.a(lib_a-init.o)
                0x08003f28                __libc_init_array
 .text.malloc   0x08003f70       0x10 c:/ac6/systemworkbench/plugins/fr.ac6.mcu.externaltools.arm-none.win32_1.15.0.201708311556/tools/compiler/bin/../lib/gcc/arm-none-eabi/6.3.1/../../../../arm-none-eabi/lib/thumb/v7e-m/fpv4-sp/hard\libc_nano.a(lib_a-malloc.o)
                0x08003f70                malloc
 .text.memset   0x08003f80       0x10 c:/ac6/systemworkbench/plugins/fr.ac6.mcu.externaltools.arm-none.win32_1.15.0.201708311556/tools/compiler/bin/../lib/gcc/arm-none-eabi/6.3.1/../../../../arm-none-eabi/lib/thumb/v7e-m/fpv4-sp/hard\libc_nano.a(lib_a-memset.o)
                0x08003f80                memset
 .text._free_r  0x08003f90       0x9c c:/ac6/systemworkbench/plugins/fr.ac6.mcu.externaltools.arm-none.win32_1.15.0.201708311556/tools/compiler/bin/../lib/gcc/arm-none-eabi/6.3.1/../../../../arm-none-eabi/lib/thumb/v7e-m/fpv4-sp/hard\libc_nano.a(lib_a-nano-freer.o)
                0x08003f90                _free_r
 .text._malloc_r
                0x0800402c       0xbc c:/ac6/systemworkbench/plugins/fr.ac6.mcu.externaltools.arm-none.win32_1.15.0.201708311556/tools/compiler/bin/../lib/gcc/arm-none-eabi/6.3.1/../../../../arm-none-eabi/lib/thumb/v7e-m/fpv4-sp/hard\libc_nano.a(lib_a-nano-mallocr.o)
                0x0800402c                _malloc_r
 .text.__cvt    0x080040e8       0xc2 c:/ac6/systemworkbench/plugins/fr.ac6.mcu.externaltools.arm-none.win32_1.15.0.201708311556/tools/compiler/bin/../lib/gcc/arm-none-eabi/6.3.1/../../../../arm-none-eabi/lib/thumb/v7e-m/fpv4-sp/hard\libc_nano.a(lib_a-nano-vfprintf_float.o)
                0x080040e8                __cvt
 .text.__exponent
                0x080041aa       0x6a c:/ac6/systemworkbench/plugins/fr.ac6.mcu.externaltools.arm-none.win32_1.15.0.201708311556/tools/compiler/bin/../lib/gcc/arm-none-eabi/6.3.1/../../../../arm-none-eabi/lib/thumb/v7e-m/fpv4-sp/hard\libc_nano.a(lib_a-nano-vfprintf_float.o)
                0x080041aa                __exponent
 .text._printf_float
                0x08004214      0x480 c:/ac6/systemworkbench/plugins/fr.ac6.mcu.externaltools.arm-none.win32_1.15.0.201708311556/tools/compiler/bin/../lib/gcc/arm-none-eabi/6.3.1/../../../../arm-none-eabi/lib/thumb/v7e-m/fpv4-sp/hard\libc_nano.a(lib_a-nano-vfprintf_float.o)
                0x08004214                _printf_float
 .text._printf_common
                0x08004694       0xec c:/ac6/systemworkbench/plugins/fr.ac6.mcu.externaltools.arm-none.win32_1.15.0.201708311556/tools/compiler/bin/../lib/gcc/arm-none-eabi/6.3.1/../../../../arm-none-eabi/lib/thumb/v7e-m/fpv4-sp/hard\libc_nano.a(lib_a-nano-vfprintf_i.o)
                0x08004694                _printf_common
 .text._printf_i
                0x08004780      0x240 c:/ac6/systemworkbench/plugins/fr.ac6.mcu.externaltools.arm-none.win32_1.15.0.201708311556/tools/compiler/bin/../lib/gcc/arm-none-eabi/6.3.1/../../../../arm-none-eabi/lib/thumb/v7e-m/fpv4-sp/hard\libc_nano.a(lib_a-nano-vfprintf_i.o)
                0x08004780                _printf_i
 .text._scanf_float
                0x080049c0      0x3c8 c:/ac6/systemworkbench/plugins/fr.ac6.mcu.externaltools.arm-none.win32_1.15.0.201708311556/tools/compiler/bin/../lib/gcc/arm-none-eabi/6.3.1/../../../../arm-none-eabi/lib/thumb/v7e-m/fpv4-sp/hard\libc_nano.a(lib_a-nano-vfscanf_float.o)
                0x080049c0                _scanf_float
 .text.printf   0x08004d88       0x30 c:/ac6/systemworkbench/plugins/fr.ac6.mcu.externaltools.arm-none.win32_1.15.0.201708311556/tools/compiler/bin/../lib/gcc/arm-none-eabi/6.3.1/../../../../arm-none-eabi/lib/thumb/v7e-m/fpv4-sp/hard\libc_nano.a(lib_a-printf.o)
                0x08004d88                iprintf
                0x08004d88                printf
 .text.putchar  0x08004db8       0x28 c:/ac6/systemworkbench/plugins/fr.ac6.mcu.externaltools.arm-none.win32_1.15.0.201708311556/tools/compiler/bin/../lib/gcc/arm-none-eabi/6.3.1/../../../../arm-none-eabi/lib/thumb/v7e-m/fpv4-sp/hard\libc_nano.a(lib_a-putchar.o)
                0x08004db8                putchar
 .text._puts_r  0x08004de0       0xb8 c:/ac6/systemworkbench/plugins/fr.ac6.mcu.externaltools.arm-none.win32_1.15.0.201708311556/tools/compiler/bin/../lib/gcc/arm-none-eabi/6.3.1/../../../../arm-none-eabi/lib/thumb/v7e-m/fpv4-sp/hard\libc_nano.a(lib_a-puts.o)
                0x08004de0                _puts_r
 .text.puts     0x08004e98       0x10 c:/ac6/systemworkbench/plugins/fr.ac6.mcu.externaltools.arm-none.win32_1.15.0.201708311556/tools/compiler/bin/../lib/gcc/arm-none-eabi/6.3.1/../../../../arm-none-eabi/lib/thumb/v7e-m/fpv4-sp/hard\libc_nano.a(lib_a-puts.o)
                0x08004e98                puts
 .text.realloc  0x08004ea8       0x10 c:/ac6/systemworkbench/plugins/fr.ac6.mcu.externaltools.arm-none.win32_1.15.0.201708311556/tools/compiler/bin/../lib/gcc/arm-none-eabi/6.3.1/../../../../arm-none-eabi/lib/thumb/v7e-m/fpv4-sp/hard\libc_nano.a(lib_a-realloc.o)
                0x08004ea8                realloc
 .text._sbrk_r  0x08004eb8       0x20 c:/ac6/systemworkbench/plugins/fr.ac6.mcu.externaltools.arm-none.win32_1.15.0.201708311556/tools/compiler/bin/../lib/gcc/arm-none-eabi/6.3.1/../../../../arm-none-eabi/lib/thumb/v7e-m/fpv4-sp/hard\libc_nano.a(lib_a-sbrkr.o)
                0x08004eb8                _sbrk_r
 .text.setvbuf  0x08004ed8      0x15c c:/ac6/systemworkbench/plugins/fr.ac6.mcu.externaltools.arm-none.win32_1.15.0.201708311556/tools/compiler/bin/../lib/gcc/arm-none-eabi/6.3.1/../../../../arm-none-eabi/lib/thumb/v7e-m/fpv4-sp/hard\libc_nano.a(lib_a-setvbuf.o)
                0x08004ed8                setvbuf
 .text.nanf     0x08005034        0xc c:/ac6/systemworkbench/plugins/fr.ac6.mcu.externaltools.arm-none.win32_1.15.0.201708311556/tools/compiler/bin/../lib/gcc/arm-none-eabi/6.3.1/../../../../arm-none-eabi/lib/thumb/v7e-m/fpv4-sp/hard\libc_nano.a(lib_a-sf_nan.o)
                0x08005034                nanf
 .text.sprintf  0x08005040       0x48 c:/ac6/systemworkbench/plugins/fr.ac6.mcu.externaltools.arm-none.win32_1.15.0.201708311556/tools/compiler/bin/../lib/gcc/arm-none-eabi/6.3.1/../../../../arm-none-eabi/lib/thumb/v7e-m/fpv4-sp/hard\libc_nano.a(lib_a-sprintf.o)
                0x08005040                siprintf
                0x08005040                sprintf
 .text.strcat   0x08005088       0x1e c:/ac6/systemworkbench/plugins/fr.ac6.mcu.externaltools.arm-none.win32_1.15.0.201708311556/tools/compiler/bin/../lib/gcc/arm-none-eabi/6.3.1/../../../../arm-none-eabi/lib/thumb/v7e-m/fpv4-sp/hard\libc_nano.a(lib_a-strcat.o)
                0x08005088                strcat
 .text.strchr   0x080050a6       0x1c c:/ac6/systemworkbench/plugins/fr.ac6.mcu.externaltools.arm-none.win32_1.15.0.201708311556/tools/compiler/bin/../lib/gcc/arm-none-eabi/6.3.1/../../../../arm-none-eabi/lib/thumb/v7e-m/fpv4-sp/hard\libc_nano.a(lib_a-strchr.o)
                0x080050a6                strchr
 .text.strcpy   0x080050c2       0x10 c:/ac6/systemworkbench/plugins/fr.ac6.mcu.externaltools.arm-none.win32_1.15.0.201708311556/tools/compiler/bin/../lib/gcc/arm-none-eabi/6.3.1/../../../../arm-none-eabi/lib/thumb/v7e-m/fpv4-sp/hard\libc_nano.a(lib_a-strcpy.o)
                0x080050c2                strcpy
 .text.unlikely.sulp
                0x080050d2       0x38 c:/ac6/systemworkbench/plugins/fr.ac6.mcu.externaltools.arm-none.win32_1.15.0.201708311556/tools/compiler/bin/../lib/gcc/arm-none-eabi/6.3.1/../../../../arm-none-eabi/lib/thumb/v7e-m/fpv4-sp/hard\libc_nano.a(lib_a-strtod.o)
 *fill*         0x0800510a        0x6 
 .text._strtod_l
                0x08005110      0xbd8 c:/ac6/systemworkbench/plugins/fr.ac6.mcu.externaltools.arm-none.win32_1.15.0.201708311556/tools/compiler/bin/../lib/gcc/arm-none-eabi/6.3.1/../../../../arm-none-eabi/lib/thumb/v7e-m/fpv4-sp/hard\libc_nano.a(lib_a-strtod.o)
                0x08005110                _strtod_l
 .text._strtod_r
                0x08005ce8       0x20 c:/ac6/systemworkbench/plugins/fr.ac6.mcu.externaltools.arm-none.win32_1.15.0.201708311556/tools/compiler/bin/../lib/gcc/arm-none-eabi/6.3.1/../../../../arm-none-eabi/lib/thumb/v7e-m/fpv4-sp/hard\libc_nano.a(lib_a-strtod.o)
                0x08005ce8                _strtod_r
 .text.strtod   0x08005d08       0x28 c:/ac6/systemworkbench/plugins/fr.ac6.mcu.externaltools.arm-none.win32_1.15.0.201708311556/tools/compiler/bin/../lib/gcc/arm-none-eabi/6.3.1/../../../../arm-none-eabi/lib/thumb/v7e-m/fpv4-sp/hard\libc_nano.a(lib_a-strtod.o)
                0x08005d08                strtod
 .text._strtol_l.isra.0
                0x08005d30      0x100 c:/ac6/systemworkbench/plugins/fr.ac6.mcu.externaltools.arm-none.win32_1.15.0.201708311556/tools/compiler/bin/../lib/gcc/arm-none-eabi/6.3.1/../../../../arm-none-eabi/lib/thumb/v7e-m/fpv4-sp/hard\libc_nano.a(lib_a-strtol.o)
 .text._strtol_r
                0x08005e30       0x24 c:/ac6/systemworkbench/plugins/fr.ac6.mcu.externaltools.arm-none.win32_1.15.0.201708311556/tools/compiler/bin/../lib/gcc/arm-none-eabi/6.3.1/../../../../arm-none-eabi/lib/thumb/v7e-m/fpv4-sp/hard\libc_nano.a(lib_a-strtol.o)
                0x08005e30                _strtol_r
 .text.__swbuf_r
                0x08005e54       0xa4 c:/ac6/systemworkbench/plugins/fr.ac6.mcu.externaltools.arm-none.win32_1.15.0.201708311556/tools/compiler/bin/../lib/gcc/arm-none-eabi/6.3.1/../../../../arm-none-eabi/lib/thumb/v7e-m/fpv4-sp/hard\libc_nano.a(lib_a-wbuf.o)
                0x08005e54                __swbuf_r
 .text.__swsetup_r
                0x08005ef8       0xdc c:/ac6/systemworkbench/plugins/fr.ac6.mcu.externaltools.arm-none.win32_1.15.0.201708311556/tools/compiler/bin/../lib/gcc/arm-none-eabi/6.3.1/../../../../arm-none-eabi/lib/thumb/v7e-m/fpv4-sp/hard\libc_nano.a(lib_a-wsetup.o)
                0x08005ef8                __swsetup_r
 .text.quorem   0x08005fd4      0x118 c:/ac6/systemworkbench/plugins/fr.ac6.mcu.externaltools.arm-none.win32_1.15.0.201708311556/tools/compiler/bin/../lib/gcc/arm-none-eabi/6.3.1/../../../../arm-none-eabi/lib/thumb/v7e-m/fpv4-sp/hard\libc_nano.a(lib_a-dtoa.o)
 *fill*         0x080060ec        0x4 
 .text._dtoa_r  0x080060f0      0xb9c c:/ac6/systemworkbench/plugins/fr.ac6.mcu.externaltools.arm-none.win32_1.15.0.201708311556/tools/compiler/bin/../lib/gcc/arm-none-eabi/6.3.1/../../../../arm-none-eabi/lib/thumb/v7e-m/fpv4-sp/hard\libc_nano.a(lib_a-dtoa.o)
                0x080060f0                _dtoa_r
 .text.__sflush_r
                0x08006c8c      0x110 c:/ac6/systemworkbench/plugins/fr.ac6.mcu.externaltools.arm-none.win32_1.15.0.201708311556/tools/compiler/bin/../lib/gcc/arm-none-eabi/6.3.1/../../../../arm-none-eabi/lib/thumb/v7e-m/fpv4-sp/hard\libc_nano.a(lib_a-fflush.o)
                0x08006c8c                __sflush_r
 .text._fflush_r
                0x08006d9c       0x54 c:/ac6/systemworkbench/plugins/fr.ac6.mcu.externaltools.arm-none.win32_1.15.0.201708311556/tools/compiler/bin/../lib/gcc/arm-none-eabi/6.3.1/../../../../arm-none-eabi/lib/thumb/v7e-m/fpv4-sp/hard\libc_nano.a(lib_a-fflush.o)
                0x08006d9c                _fflush_r
 .text._cleanup_r
                0x08006df0        0xc c:/ac6/systemworkbench/plugins/fr.ac6.mcu.externaltools.arm-none.win32_1.15.0.201708311556/tools/compiler/bin/../lib/gcc/arm-none-eabi/6.3.1/../../../../arm-none-eabi/lib/thumb/v7e-m/fpv4-sp/hard\libc_nano.a(lib_a-findfp.o)
                0x08006df0                _cleanup_r
 .text.std.isra.0
                0x08006dfc       0x48 c:/ac6/systemworkbench/plugins/fr.ac6.mcu.externaltools.arm-none.win32_1.15.0.201708311556/tools/compiler/bin/../lib/gcc/arm-none-eabi/6.3.1/../../../../arm-none-eabi/lib/thumb/v7e-m/fpv4-sp/hard\libc_nano.a(lib_a-findfp.o)
 .text.__sfmoreglue
                0x08006e44       0x2c c:/ac6/systemworkbench/plugins/fr.ac6.mcu.externaltools.arm-none.win32_1.15.0.201708311556/tools/compiler/bin/../lib/gcc/arm-none-eabi/6.3.1/../../../../arm-none-eabi/lib/thumb/v7e-m/fpv4-sp/hard\libc_nano.a(lib_a-findfp.o)
                0x08006e44                __sfmoreglue
 .text.__sinit  0x08006e70       0x60 c:/ac6/systemworkbench/plugins/fr.ac6.mcu.externaltools.arm-none.win32_1.15.0.201708311556/tools/compiler/bin/../lib/gcc/arm-none-eabi/6.3.1/../../../../arm-none-eabi/lib/thumb/v7e-m/fpv4-sp/hard\libc_nano.a(lib_a-findfp.o)
                0x08006e70                __sinit
 .text.__sfp    0x08006ed0       0x78 c:/ac6/systemworkbench/plugins/fr.ac6.mcu.externaltools.arm-none.win32_1.15.0.201708311556/tools/compiler/bin/../lib/gcc/arm-none-eabi/6.3.1/../../../../arm-none-eabi/lib/thumb/v7e-m/fpv4-sp/hard\libc_nano.a(lib_a-findfp.o)
                0x08006ed0                __sfp
 .text._fwalk_reent
                0x08006f48       0x3c c:/ac6/systemworkbench/plugins/fr.ac6.mcu.externaltools.arm-none.win32_1.15.0.201708311556/tools/compiler/bin/../lib/gcc/arm-none-eabi/6.3.1/../../../../arm-none-eabi/lib/thumb/v7e-m/fpv4-sp/hard\libc_nano.a(lib_a-fwalk.o)
                0x08006f48                _fwalk_reent
 .text.rshift   0x08006f84       0x6a c:/ac6/systemworkbench/plugins/fr.ac6.mcu.externaltools.arm-none.win32_1.15.0.201708311556/tools/compiler/bin/../lib/gcc/arm-none-eabi/6.3.1/../../../../arm-none-eabi/lib/thumb/v7e-m/fpv4-sp/hard\libc_nano.a(lib_a-gdtoa-gethex.o)
 .text.__hexdig_fun
                0x08006fee       0x2a c:/ac6/systemworkbench/plugins/fr.ac6.mcu.externaltools.arm-none.win32_1.15.0.201708311556/tools/compiler/bin/../lib/gcc/arm-none-eabi/6.3.1/../../../../arm-none-eabi/lib/thumb/v7e-m/fpv4-sp/hard\libc_nano.a(lib_a-gdtoa-gethex.o)
                0x08006fee                __hexdig_fun
 .text.__gethex
                0x08007018      0x43c c:/ac6/systemworkbench/plugins/fr.ac6.mcu.externaltools.arm-none.win32_1.15.0.201708311556/tools/compiler/bin/../lib/gcc/arm-none-eabi/6.3.1/../../../../arm-none-eabi/lib/thumb/v7e-m/fpv4-sp/hard\libc_nano.a(lib_a-gdtoa-gethex.o)
                0x08007018                __gethex
 .text.L_shift  0x08007454       0x24 c:/ac6/systemworkbench/plugins/fr.ac6.mcu.externaltools.arm-none.win32_1.15.0.201708311556/tools/compiler/bin/../lib/gcc/arm-none-eabi/6.3.1/../../../../arm-none-eabi/lib/thumb/v7e-m/fpv4-sp/hard\libc_nano.a(lib_a-gdtoa-hexnan.o)
 .text.__match  0x08007478       0x26 c:/ac6/systemworkbench/plugins/fr.ac6.mcu.externaltools.arm-none.win32_1.15.0.201708311556/tools/compiler/bin/../lib/gcc/arm-none-eabi/6.3.1/../../../../arm-none-eabi/lib/thumb/v7e-m/fpv4-sp/hard\libc_nano.a(lib_a-gdtoa-hexnan.o)
                0x08007478                __match
 .text.__hexnan
                0x0800749e      0x120 c:/ac6/systemworkbench/plugins/fr.ac6.mcu.externaltools.arm-none.win32_1.15.0.201708311556/tools/compiler/bin/../lib/gcc/arm-none-eabi/6.3.1/../../../../arm-none-eabi/lib/thumb/v7e-m/fpv4-sp/hard\libc_nano.a(lib_a-gdtoa-hexnan.o)
                0x0800749e                __hexnan
 .text.__locale_ctype_ptr_l
                0x080075be        0x6 c:/ac6/systemworkbench/plugins/fr.ac6.mcu.externaltools.arm-none.win32_1.15.0.201708311556/tools/compiler/bin/../lib/gcc/arm-none-eabi/6.3.1/../../../../arm-none-eabi/lib/thumb/v7e-m/fpv4-sp/hard\libc_nano.a(lib_a-locale.o)
                0x080075be                __locale_ctype_ptr_l
 .text.__localeconv_l
                0x080075c4        0x4 c:/ac6/systemworkbench/plugins/fr.ac6.mcu.externaltools.arm-none.win32_1.15.0.201708311556/tools/compiler/bin/../lib/gcc/arm-none-eabi/6.3.1/../../../../arm-none-eabi/lib/thumb/v7e-m/fpv4-sp/hard\libc_nano.a(lib_a-localeconv.o)
                0x080075c4                __localeconv_l
 .text._localeconv_r
                0x080075c8       0x1c c:/ac6/systemworkbench/plugins/fr.ac6.mcu.externaltools.arm-none.win32_1.15.0.201708311556/tools/compiler/bin/../lib/gcc/arm-none-eabi/6.3.1/../../../../arm-none-eabi/lib/thumb/v7e-m/fpv4-sp/hard\libc_nano.a(lib_a-localeconv.o)
                0x080075c8                _localeconv_r
 .text.__swhatbuf_r
                0x080075e4       0x48 c:/ac6/systemworkbench/plugins/fr.ac6.mcu.externaltools.arm-none.win32_1.15.0.201708311556/tools/compiler/bin/../lib/gcc/arm-none-eabi/6.3.1/../../../../arm-none-eabi/lib/thumb/v7e-m/fpv4-sp/hard\libc_nano.a(lib_a-makebuf.o)
                0x080075e4                __swhatbuf_r
 .text.__smakebuf_r
                0x0800762c       0x80 c:/ac6/systemworkbench/plugins/fr.ac6.mcu.externaltools.arm-none.win32_1.15.0.201708311556/tools/compiler/bin/../lib/gcc/arm-none-eabi/6.3.1/../../../../arm-none-eabi/lib/thumb/v7e-m/fpv4-sp/hard\libc_nano.a(lib_a-makebuf.o)
                0x0800762c                __smakebuf_r
 .text.__ascii_mbtowc
                0x080076ac       0x24 c:/ac6/systemworkbench/plugins/fr.ac6.mcu.externaltools.arm-none.win32_1.15.0.201708311556/tools/compiler/bin/../lib/gcc/arm-none-eabi/6.3.1/../../../../arm-none-eabi/lib/thumb/v7e-m/fpv4-sp/hard\libc_nano.a(lib_a-mbtowc_r.o)
                0x080076ac                __ascii_mbtowc
 .text.memcpy   0x080076d0       0x16 c:/ac6/systemworkbench/plugins/fr.ac6.mcu.externaltools.arm-none.win32_1.15.0.201708311556/tools/compiler/bin/../lib/gcc/arm-none-eabi/6.3.1/../../../../arm-none-eabi/lib/thumb/v7e-m/fpv4-sp/hard\libc_nano.a(lib_a-memcpy-stub.o)
                0x080076d0                memcpy
 .text.__malloc_lock
                0x080076e6        0x2 c:/ac6/systemworkbench/plugins/fr.ac6.mcu.externaltools.arm-none.win32_1.15.0.201708311556/tools/compiler/bin/../lib/gcc/arm-none-eabi/6.3.1/../../../../arm-none-eabi/lib/thumb/v7e-m/fpv4-sp/hard\libc_nano.a(lib_a-mlock.o)
                0x080076e6                __malloc_lock
 .text.__malloc_unlock
                0x080076e8        0x2 c:/ac6/systemworkbench/plugins/fr.ac6.mcu.externaltools.arm-none.win32_1.15.0.201708311556/tools/compiler/bin/../lib/gcc/arm-none-eabi/6.3.1/../../../../arm-none-eabi/lib/thumb/v7e-m/fpv4-sp/hard\libc_nano.a(lib_a-mlock.o)
                0x080076e8                __malloc_unlock
 .text._Balloc  0x080076ea       0x68 c:/ac6/systemworkbench/plugins/fr.ac6.mcu.externaltools.arm-none.win32_1.15.0.201708311556/tools/compiler/bin/../lib/gcc/arm-none-eabi/6.3.1/../../../../arm-none-eabi/lib/thumb/v7e-m/fpv4-sp/hard\libc_nano.a(lib_a-mprec.o)
                0x080076ea                _Balloc
 .text._Bfree   0x08007752       0x2e c:/ac6/systemworkbench/plugins/fr.ac6.mcu.externaltools.arm-none.win32_1.15.0.201708311556/tools/compiler/bin/../lib/gcc/arm-none-eabi/6.3.1/../../../../arm-none-eabi/lib/thumb/v7e-m/fpv4-sp/hard\libc_nano.a(lib_a-mprec.o)
                0x08007752                _Bfree
 .text.__multadd
                0x08007780       0x76 c:/ac6/systemworkbench/plugins/fr.ac6.mcu.externaltools.arm-none.win32_1.15.0.201708311556/tools/compiler/bin/../lib/gcc/arm-none-eabi/6.3.1/../../../../arm-none-eabi/lib/thumb/v7e-m/fpv4-sp/hard\libc_nano.a(lib_a-mprec.o)
                0x08007780                __multadd
 .text.__s2b    0x080077f6       0x7c c:/ac6/systemworkbench/plugins/fr.ac6.mcu.externaltools.arm-none.win32_1.15.0.201708311556/tools/compiler/bin/../lib/gcc/arm-none-eabi/6.3.1/../../../../arm-none-eabi/lib/thumb/v7e-m/fpv4-sp/hard\libc_nano.a(lib_a-mprec.o)
                0x080077f6                __s2b
 .text.__hi0bits
                0x08007872       0x3e c:/ac6/systemworkbench/plugins/fr.ac6.mcu.externaltools.arm-none.win32_1.15.0.201708311556/tools/compiler/bin/../lib/gcc/arm-none-eabi/6.3.1/../../../../arm-none-eabi/lib/thumb/v7e-m/fpv4-sp/hard\libc_nano.a(lib_a-mprec.o)
                0x08007872                __hi0bits
 .text.__lo0bits
                0x080078b0       0x5e c:/ac6/systemworkbench/plugins/fr.ac6.mcu.externaltools.arm-none.win32_1.15.0.201708311556/tools/compiler/bin/../lib/gcc/arm-none-eabi/6.3.1/../../../../arm-none-eabi/lib/thumb/v7e-m/fpv4-sp/hard\libc_nano.a(lib_a-mprec.o)
                0x080078b0                __lo0bits
 .text.__i2b    0x0800790e       0x12 c:/ac6/systemworkbench/plugins/fr.ac6.mcu.externaltools.arm-none.win32_1.15.0.201708311556/tools/compiler/bin/../lib/gcc/arm-none-eabi/6.3.1/../../../../arm-none-eabi/lib/thumb/v7e-m/fpv4-sp/hard\libc_nano.a(lib_a-mprec.o)
                0x0800790e                __i2b
 .text.__multiply
                0x08007920      0x11a c:/ac6/systemworkbench/plugins/fr.ac6.mcu.externaltools.arm-none.win32_1.15.0.201708311556/tools/compiler/bin/../lib/gcc/arm-none-eabi/6.3.1/../../../../arm-none-eabi/lib/thumb/v7e-m/fpv4-sp/hard\libc_nano.a(lib_a-mprec.o)
                0x08007920                __multiply
 *fill*         0x08007a3a        0x2 
 .text.__pow5mult
                0x08007a3c       0x9c c:/ac6/systemworkbench/plugins/fr.ac6.mcu.externaltools.arm-none.win32_1.15.0.201708311556/tools/compiler/bin/../lib/gcc/arm-none-eabi/6.3.1/../../../../arm-none-eabi/lib/thumb/v7e-m/fpv4-sp/hard\libc_nano.a(lib_a-mprec.o)
                0x08007a3c                __pow5mult
 .text.__lshift
                0x08007ad8       0xa2 c:/ac6/systemworkbench/plugins/fr.ac6.mcu.externaltools.arm-none.win32_1.15.0.201708311556/tools/compiler/bin/../lib/gcc/arm-none-eabi/6.3.1/../../../../arm-none-eabi/lib/thumb/v7e-m/fpv4-sp/hard\libc_nano.a(lib_a-mprec.o)
                0x08007ad8                __lshift
 .text.__mcmp   0x08007b7a       0x34 c:/ac6/systemworkbench/plugins/fr.ac6.mcu.externaltools.arm-none.win32_1.15.0.201708311556/tools/compiler/bin/../lib/gcc/arm-none-eabi/6.3.1/../../../../arm-none-eabi/lib/thumb/v7e-m/fpv4-sp/hard\libc_nano.a(lib_a-mprec.o)
                0x08007b7a                __mcmp
 .text.__mdiff  0x08007bae       0xbc c:/ac6/systemworkbench/plugins/fr.ac6.mcu.externaltools.arm-none.win32_1.15.0.201708311556/tools/compiler/bin/../lib/gcc/arm-none-eabi/6.3.1/../../../../arm-none-eabi/lib/thumb/v7e-m/fpv4-sp/hard\libc_nano.a(lib_a-mprec.o)
                0x08007bae                __mdiff
 *fill*         0x08007c6a        0x2 
 .text.__ulp    0x08007c6c       0x50 c:/ac6/systemworkbench/plugins/fr.ac6.mcu.externaltools.arm-none.win32_1.15.0.201708311556/tools/compiler/bin/../lib/gcc/arm-none-eabi/6.3.1/../../../../arm-none-eabi/lib/thumb/v7e-m/fpv4-sp/hard\libc_nano.a(lib_a-mprec.o)
                0x08007c6c                __ulp
 .text.__b2d    0x08007cbc       0x9c c:/ac6/systemworkbench/plugins/fr.ac6.mcu.externaltools.arm-none.win32_1.15.0.201708311556/tools/compiler/bin/../lib/gcc/arm-none-eabi/6.3.1/../../../../arm-none-eabi/lib/thumb/v7e-m/fpv4-sp/hard\libc_nano.a(lib_a-mprec.o)
                0x08007cbc                __b2d
 .text.__d2b    0x08007d58       0x9e c:/ac6/systemworkbench/plugins/fr.ac6.mcu.externaltools.arm-none.win32_1.15.0.201708311556/tools/compiler/bin/../lib/gcc/arm-none-eabi/6.3.1/../../../../arm-none-eabi/lib/thumb/v7e-m/fpv4-sp/hard\libc_nano.a(lib_a-mprec.o)
                0x08007d58                __d2b
 .text.__ratio  0x08007df6       0x58 c:/ac6/systemworkbench/plugins/fr.ac6.mcu.externaltools.arm-none.win32_1.15.0.201708311556/tools/compiler/bin/../lib/gcc/arm-none-eabi/6.3.1/../../../../arm-none-eabi/lib/thumb/v7e-m/fpv4-sp/hard\libc_nano.a(lib_a-mprec.o)
                0x08007df6                __ratio
 .text.__copybits
                0x08007e4e       0x34 c:/ac6/systemworkbench/plugins/fr.ac6.mcu.externaltools.arm-none.win32_1.15.0.201708311556/tools/compiler/bin/../lib/gcc/arm-none-eabi/6.3.1/../../../../arm-none-eabi/lib/thumb/v7e-m/fpv4-sp/hard\libc_nano.a(lib_a-mprec.o)
                0x08007e4e                __copybits
 .text.__any_on
                0x08007e82       0x42 c:/ac6/systemworkbench/plugins/fr.ac6.mcu.externaltools.arm-none.win32_1.15.0.201708311556/tools/compiler/bin/../lib/gcc/arm-none-eabi/6.3.1/../../../../arm-none-eabi/lib/thumb/v7e-m/fpv4-sp/hard\libc_nano.a(lib_a-mprec.o)
                0x08007e82                __any_on
 .text._calloc_r
                0x08007ec4       0x1c c:/ac6/systemworkbench/plugins/fr.ac6.mcu.externaltools.arm-none.win32_1.15.0.201708311556/tools/compiler/bin/../lib/gcc/arm-none-eabi/6.3.1/../../../../arm-none-eabi/lib/thumb/v7e-m/fpv4-sp/hard\libc_nano.a(lib_a-nano-callocr.o)
                0x08007ec4                _calloc_r
 .text._realloc_r
                0x08007ee0       0x4c c:/ac6/systemworkbench/plugins/fr.ac6.mcu.externaltools.arm-none.win32_1.15.0.201708311556/tools/compiler/bin/../lib/gcc/arm-none-eabi/6.3.1/../../../../arm-none-eabi/lib/thumb/v7e-m/fpv4-sp/hard\libc_nano.a(lib_a-nano-reallocr.o)
                0x08007ee0                _realloc_r
 .text.__ssputs_r
                0x08007f2c       0xb6 c:/ac6/systemworkbench/plugins/fr.ac6.mcu.externaltools.arm-none.win32_1.15.0.201708311556/tools/compiler/bin/../lib/gcc/arm-none-eabi/6.3.1/../../../../arm-none-eabi/lib/thumb/v7e-m/fpv4-sp/hard\libc_nano.a(lib_a-nano-svfprintf.o)
                0x08007f2c                __ssputs_r
 *fill*         0x08007fe2        0x2 
 .text._svfprintf_r
                0x08007fe4      0x1e8 c:/ac6/systemworkbench/plugins/fr.ac6.mcu.externaltools.arm-none.win32_1.15.0.201708311556/tools/compiler/bin/../lib/gcc/arm-none-eabi/6.3.1/../../../../arm-none-eabi/lib/thumb/v7e-m/fpv4-sp/hard\libc_nano.a(lib_a-nano-svfprintf.o)
                0x08007fe4                _svfiprintf_r
                0x08007fe4                _svfprintf_r
 .text.__sfputc_r
                0x080081cc       0x30 c:/ac6/systemworkbench/plugins/fr.ac6.mcu.externaltools.arm-none.win32_1.15.0.201708311556/tools/compiler/bin/../lib/gcc/arm-none-eabi/6.3.1/../../../../arm-none-eabi/lib/thumb/v7e-m/fpv4-sp/hard\libc_nano.a(lib_a-nano-vfprintf.o)
 .text.__sfputs_r
                0x080081fc       0x24 c:/ac6/systemworkbench/plugins/fr.ac6.mcu.externaltools.arm-none.win32_1.15.0.201708311556/tools/compiler/bin/../lib/gcc/arm-none-eabi/6.3.1/../../../../arm-none-eabi/lib/thumb/v7e-m/fpv4-sp/hard\libc_nano.a(lib_a-nano-vfprintf.o)
                0x080081fc                __sfputs_r
 .text._vfprintf_r
                0x08008220      0x22c c:/ac6/systemworkbench/plugins/fr.ac6.mcu.externaltools.arm-none.win32_1.15.0.201708311556/tools/compiler/bin/../lib/gcc/arm-none-eabi/6.3.1/../../../../arm-none-eabi/lib/thumb/v7e-m/fpv4-sp/hard\libc_nano.a(lib_a-nano-vfprintf.o)
                0x08008220                _vfprintf_r
                0x08008220                _vfiprintf_r
 .text._putc_r  0x0800844c       0x6c c:/ac6/systemworkbench/plugins/fr.ac6.mcu.externaltools.arm-none.win32_1.15.0.201708311556/tools/compiler/bin/../lib/gcc/arm-none-eabi/6.3.1/../../../../arm-none-eabi/lib/thumb/v7e-m/fpv4-sp/hard\libc_nano.a(lib_a-putc.o)
                0x0800844c                _putc_r
 .text.__sread  0x080084b8       0x22 c:/ac6/systemworkbench/plugins/fr.ac6.mcu.externaltools.arm-none.win32_1.15.0.201708311556/tools/compiler/bin/../lib/gcc/arm-none-eabi/6.3.1/../../../../arm-none-eabi/lib/thumb/v7e-m/fpv4-sp/hard\libc_nano.a(lib_a-stdio.o)
                0x080084b8                __sread
 .text.__swrite
                0x080084da       0x38 c:/ac6/systemworkbench/plugins/fr.ac6.mcu.externaltools.arm-none.win32_1.15.0.201708311556/tools/compiler/bin/../lib/gcc/arm-none-eabi/6.3.1/../../../../arm-none-eabi/lib/thumb/v7e-m/fpv4-sp/hard\libc_nano.a(lib_a-stdio.o)
                0x080084da                __swrite
 .text.__sseek  0x08008512       0x24 c:/ac6/systemworkbench/plugins/fr.ac6.mcu.externaltools.arm-none.win32_1.15.0.201708311556/tools/compiler/bin/../lib/gcc/arm-none-eabi/6.3.1/../../../../arm-none-eabi/lib/thumb/v7e-m/fpv4-sp/hard\libc_nano.a(lib_a-stdio.o)
                0x08008512                __sseek
 .text.__sclose
                0x08008536        0x8 c:/ac6/systemworkbench/plugins/fr.ac6.mcu.externaltools.arm-none.win32_1.15.0.201708311556/tools/compiler/bin/../lib/gcc/arm-none-eabi/6.3.1/../../../../arm-none-eabi/lib/thumb/v7e-m/fpv4-sp/hard\libc_nano.a(lib_a-stdio.o)
                0x08008536                __sclose
 .text.strncmp  0x0800853e       0x24 c:/ac6/systemworkbench/plugins/fr.ac6.mcu.externaltools.arm-none.win32_1.15.0.201708311556/tools/compiler/bin/../lib/gcc/arm-none-eabi/6.3.1/../../../../arm-none-eabi/lib/thumb/v7e-m/fpv4-sp/hard\libc_nano.a(lib_a-strncmp.o)
                0x0800853e                strncmp
 .text.__ascii_wctomb
                0x08008562       0x1a c:/ac6/systemworkbench/plugins/fr.ac6.mcu.externaltools.arm-none.win32_1.15.0.201708311556/tools/compiler/bin/../lib/gcc/arm-none-eabi/6.3.1/../../../../arm-none-eabi/lib/thumb/v7e-m/fpv4-sp/hard\libc_nano.a(lib_a-wctomb_r.o)
                0x08008562                __ascii_wctomb
 .text._write_r
                0x0800857c       0x24 c:/ac6/systemworkbench/plugins/fr.ac6.mcu.externaltools.arm-none.win32_1.15.0.201708311556/tools/compiler/bin/../lib/gcc/arm-none-eabi/6.3.1/../../../../arm-none-eabi/lib/thumb/v7e-m/fpv4-sp/hard\libc_nano.a(lib_a-writer.o)
                0x0800857c                _write_r
 .text._close_r
                0x080085a0       0x20 c:/ac6/systemworkbench/plugins/fr.ac6.mcu.externaltools.arm-none.win32_1.15.0.201708311556/tools/compiler/bin/../lib/gcc/arm-none-eabi/6.3.1/../../../../arm-none-eabi/lib/thumb/v7e-m/fpv4-sp/hard\libc_nano.a(lib_a-closer.o)
                0x080085a0                _close_r
 .text._fstat_r
                0x080085c0       0x24 c:/ac6/systemworkbench/plugins/fr.ac6.mcu.externaltools.arm-none.win32_1.15.0.201708311556/tools/compiler/bin/../lib/gcc/arm-none-eabi/6.3.1/../../../../arm-none-eabi/lib/thumb/v7e-m/fpv4-sp/hard\libc_nano.a(lib_a-fstatr.o)
                0x080085c0                _fstat_r
 .text._isatty_r
                0x080085e4       0x20 c:/ac6/systemworkbench/plugins/fr.ac6.mcu.externaltools.arm-none.win32_1.15.0.201708311556/tools/compiler/bin/../lib/gcc/arm-none-eabi/6.3.1/../../../../arm-none-eabi/lib/thumb/v7e-m/fpv4-sp/hard\libc_nano.a(lib_a-isattyr.o)
                0x080085e4                _isatty_r
 .text._lseek_r
                0x08008604       0x24 c:/ac6/systemworkbench/plugins/fr.ac6.mcu.externaltools.arm-none.win32_1.15.0.201708311556/tools/compiler/bin/../lib/gcc/arm-none-eabi/6.3.1/../../../../arm-none-eabi/lib/thumb/v7e-m/fpv4-sp/hard\libc_nano.a(lib_a-lseekr.o)
                0x08008604                _lseek_r
 .text.memmove  0x08008628       0x34 c:/ac6/systemworkbench/plugins/fr.ac6.mcu.externaltools.arm-none.win32_1.15.0.201708311556/tools/compiler/bin/../lib/gcc/arm-none-eabi/6.3.1/../../../../arm-none-eabi/lib/thumb/v7e-m/fpv4-sp/hard\libc_nano.a(lib_a-memmove.o)
                0x08008628                memmove
 .text._malloc_usable_size_r
                0x0800865c       0x12 c:/ac6/systemworkbench/plugins/fr.ac6.mcu.externaltools.arm-none.win32_1.15.0.201708311556/tools/compiler/bin/../lib/gcc/arm-none-eabi/6.3.1/../../../../arm-none-eabi/lib/thumb/v7e-m/fpv4-sp/hard\libc_nano.a(lib_a-nano-msizer.o)
                0x0800865c                _malloc_usable_size_r
 *fill*         0x0800866e        0x2 
 .text._read_r  0x08008670       0x24 c:/ac6/systemworkbench/plugins/fr.ac6.mcu.externaltools.arm-none.win32_1.15.0.201708311556/tools/compiler/bin/../lib/gcc/arm-none-eabi/6.3.1/../../../../arm-none-eabi/lib/thumb/v7e-m/fpv4-sp/hard\libc_nano.a(lib_a-readr.o)
                0x08008670                _read_r
 *(.glue_7)
 .glue_7        0x08008694        0x0 linker stubs
 *(.glue_7t)
 .glue_7t       0x08008694        0x0 linker stubs
 *(.eh_frame)
 .eh_frame      0x08008694        0x0 c:/ac6/systemworkbench/plugins/fr.ac6.mcu.externaltools.arm-none.win32_1.15.0.201708311556/tools/compiler/bin/../lib/gcc/arm-none-eabi/6.3.1/thumb/v7e-m/fpv4-sp/hard/crtbegin.o
 *(.init)
 .init          0x08008694        0x4 c:/ac6/systemworkbench/plugins/fr.ac6.mcu.externaltools.arm-none.win32_1.15.0.201708311556/tools/compiler/bin/../lib/gcc/arm-none-eabi/6.3.1/thumb/v7e-m/fpv4-sp/hard/crti.o
                0x08008694                _init
 .init          0x08008698        0x8 c:/ac6/systemworkbench/plugins/fr.ac6.mcu.externaltools.arm-none.win32_1.15.0.201708311556/tools/compiler/bin/../lib/gcc/arm-none-eabi/6.3.1/thumb/v7e-m/fpv4-sp/hard/crtn.o
 *(.fini)
 .fini          0x080086a0        0x4 c:/ac6/systemworkbench/plugins/fr.ac6.mcu.externaltools.arm-none.win32_1.15.0.201708311556/tools/compiler/bin/../lib/gcc/arm-none-eabi/6.3.1/thumb/v7e-m/fpv4-sp/hard/crti.o
                0x080086a0                _fini
 .fini          0x080086a4        0x8 c:/ac6/systemworkbench/plugins/fr.ac6.mcu.externaltools.arm-none.win32_1.15.0.201708311556/tools/compiler/bin/../lib/gcc/arm-none-eabi/6.3.1/thumb/v7e-m/fpv4-sp/hard/crtn.o
                0x080086ac                . = ALIGN (0x4)
                0x080086ac                _etext = .

.vfp11_veneer   0x080086ac        0x0
 .vfp11_veneer  0x080086ac        0x0 linker stubs

.v4_bx          0x080086ac        0x0
 .v4_bx         0x080086ac        0x0 linker stubs

.iplt           0x080086ac        0x0
 .iplt          0x080086ac        0x0 c:/ac6/systemworkbench/plugins/fr.ac6.mcu.externaltools.arm-none.win32_1.15.0.201708311556/tools/compiler/bin/../lib/gcc/arm-none-eabi/6.3.1/thumb/v7e-m/fpv4-sp/hard/crtbegin.o

.rodata         0x080086b0     0x24c8
                0x080086b0                . = ALIGN (0x4)
 *(.rodata)
 .rodata        0x080086b0      0x474 Drivers/Fonts/font12.o
                0x080086b0                Font12_Table
 .rodata        0x08008b24     0x1ab8 Drivers/Fonts/font24.o
                0x08008b24                Font24_Table
 .rodata        0x0800a5dc       0x10 Drivers/STM32F4xx_HAL_Driver/Src/stm32f4xx_hal_rcc.o
                0x0800a5dc                APBAHBPrescTable
 .rodata        0x0800a5ec       0x48 Src/Ass-02-Q01.o
                0x0800a5ec                CommandList
 .rodata        0x0800a634        0x2 Src/Ass-02-Q02.o
 *(.rodata*)
 .rodata.str1.1
                0x0800a636       0x26 Drivers/BSP/openx07v_c_lcd.o
 .rodata.str1.1
                0x0800a65c       0x2b Drivers/BSP/touch_panel.o
 .rodata.str1.1
                0x0800a687        0xd Src/Ass-02-Lib.o
 .rodata.str1.1
                0x0800a694      0x163 Src/Ass-02-Q01.o
                                0x166 (size before relaxing)
 .rodata.str1.1
                0x0800a7f7       0x6d Src/Ass-02-Q02.o
                                 0x6f (size before relaxing)
 .rodata._global_impure_ptr
                0x0800a864        0x4 c:/ac6/systemworkbench/plugins/fr.ac6.mcu.externaltools.arm-none.win32_1.15.0.201708311556/tools/compiler/bin/../lib/gcc/arm-none-eabi/6.3.1/../../../../arm-none-eabi/lib/thumb/v7e-m/fpv4-sp/hard\libc_nano.a(lib_a-impure.o)
                0x0800a864                _global_impure_ptr
 .rodata._printf_float.str1.1
                0x0800a868       0x10 c:/ac6/systemworkbench/plugins/fr.ac6.mcu.externaltools.arm-none.win32_1.15.0.201708311556/tools/compiler/bin/../lib/gcc/arm-none-eabi/6.3.1/../../../../arm-none-eabi/lib/thumb/v7e-m/fpv4-sp/hard\libc_nano.a(lib_a-nano-vfprintf_float.o)
                                 0x12 (size before relaxing)
 .rodata._printf_i.str1.1
                0x0800a878       0x22 c:/ac6/systemworkbench/plugins/fr.ac6.mcu.externaltools.arm-none.win32_1.15.0.201708311556/tools/compiler/bin/../lib/gcc/arm-none-eabi/6.3.1/../../../../arm-none-eabi/lib/thumb/v7e-m/fpv4-sp/hard\libc_nano.a(lib_a-nano-vfprintf_i.o)
 .rodata._scanf_float.str1.1
                0x0800a89a        0x5 c:/ac6/systemworkbench/plugins/fr.ac6.mcu.externaltools.arm-none.win32_1.15.0.201708311556/tools/compiler/bin/../lib/gcc/arm-none-eabi/6.3.1/../../../../arm-none-eabi/lib/thumb/v7e-m/fpv4-sp/hard\libc_nano.a(lib_a-nano-vfscanf_float.o)
 .rodata._strtod_l.str1.1
                0x0800a89f        0x5 c:/ac6/systemworkbench/plugins/fr.ac6.mcu.externaltools.arm-none.win32_1.15.0.201708311556/tools/compiler/bin/../lib/gcc/arm-none-eabi/6.3.1/../../../../arm-none-eabi/lib/thumb/v7e-m/fpv4-sp/hard\libc_nano.a(lib_a-strtod.o)
                                  0xc (size before relaxing)
 *fill*         0x0800a89f        0x1 
 .rodata.fpi.7252
                0x0800a8a0       0x14 c:/ac6/systemworkbench/plugins/fr.ac6.mcu.externaltools.arm-none.win32_1.15.0.201708311556/tools/compiler/bin/../lib/gcc/arm-none-eabi/6.3.1/../../../../arm-none-eabi/lib/thumb/v7e-m/fpv4-sp/hard\libc_nano.a(lib_a-strtod.o)
 .rodata.fpinan.7288
                0x0800a8b4       0x14 c:/ac6/systemworkbench/plugins/fr.ac6.mcu.externaltools.arm-none.win32_1.15.0.201708311556/tools/compiler/bin/../lib/gcc/arm-none-eabi/6.3.1/../../../../arm-none-eabi/lib/thumb/v7e-m/fpv4-sp/hard\libc_nano.a(lib_a-strtod.o)
 .rodata.tinytens
                0x0800a8c8       0x28 c:/ac6/systemworkbench/plugins/fr.ac6.mcu.externaltools.arm-none.win32_1.15.0.201708311556/tools/compiler/bin/../lib/gcc/arm-none-eabi/6.3.1/../../../../arm-none-eabi/lib/thumb/v7e-m/fpv4-sp/hard\libc_nano.a(lib_a-strtod.o)
 .rodata._dtoa_r.str1.1
                0x0800a8f0        0xd c:/ac6/systemworkbench/plugins/fr.ac6.mcu.externaltools.arm-none.win32_1.15.0.201708311556/tools/compiler/bin/../lib/gcc/arm-none-eabi/6.3.1/../../../../arm-none-eabi/lib/thumb/v7e-m/fpv4-sp/hard\libc_nano.a(lib_a-dtoa.o)
                                  0xf (size before relaxing)
 *fill*         0x0800a8fd        0x3 
 .rodata.__sf_fake_stderr
                0x0800a900       0x20 c:/ac6/systemworkbench/plugins/fr.ac6.mcu.externaltools.arm-none.win32_1.15.0.201708311556/tools/compiler/bin/../lib/gcc/arm-none-eabi/6.3.1/../../../../arm-none-eabi/lib/thumb/v7e-m/fpv4-sp/hard\libc_nano.a(lib_a-findfp.o)
                0x0800a900                __sf_fake_stderr
 .rodata.__sf_fake_stdin
                0x0800a920       0x20 c:/ac6/systemworkbench/plugins/fr.ac6.mcu.externaltools.arm-none.win32_1.15.0.201708311556/tools/compiler/bin/../lib/gcc/arm-none-eabi/6.3.1/../../../../arm-none-eabi/lib/thumb/v7e-m/fpv4-sp/hard\libc_nano.a(lib_a-findfp.o)
                0x0800a920                __sf_fake_stdin
 .rodata.__sf_fake_stdout
                0x0800a940       0x20 c:/ac6/systemworkbench/plugins/fr.ac6.mcu.externaltools.arm-none.win32_1.15.0.201708311556/tools/compiler/bin/../lib/gcc/arm-none-eabi/6.3.1/../../../../arm-none-eabi/lib/thumb/v7e-m/fpv4-sp/hard\libc_nano.a(lib_a-findfp.o)
                0x0800a940                __sf_fake_stdout
 .rodata._setlocale_r.str1.1
                0x0800a960        0x6 c:/ac6/systemworkbench/plugins/fr.ac6.mcu.externaltools.arm-none.win32_1.15.0.201708311556/tools/compiler/bin/../lib/gcc/arm-none-eabi/6.3.1/../../../../arm-none-eabi/lib/thumb/v7e-m/fpv4-sp/hard\libc_nano.a(lib_a-locale.o)
                                  0x9 (size before relaxing)
 .rodata.str1.1
                0x0800a966        0x2 c:/ac6/systemworkbench/plugins/fr.ac6.mcu.externaltools.arm-none.win32_1.15.0.201708311556/tools/compiler/bin/../lib/gcc/arm-none-eabi/6.3.1/../../../../arm-none-eabi/lib/thumb/v7e-m/fpv4-sp/hard\libc_nano.a(lib_a-locale.o)
 *fill*         0x0800a966        0x2 
 .rodata.__mprec_bigtens
                0x0800a968       0x28 c:/ac6/systemworkbench/plugins/fr.ac6.mcu.externaltools.arm-none.win32_1.15.0.201708311556/tools/compiler/bin/../lib/gcc/arm-none-eabi/6.3.1/../../../../arm-none-eabi/lib/thumb/v7e-m/fpv4-sp/hard\libc_nano.a(lib_a-mprec.o)
                0x0800a968                __mprec_bigtens
 .rodata.__mprec_tens
                0x0800a990       0xc8 c:/ac6/systemworkbench/plugins/fr.ac6.mcu.externaltools.arm-none.win32_1.15.0.201708311556/tools/compiler/bin/../lib/gcc/arm-none-eabi/6.3.1/../../../../arm-none-eabi/lib/thumb/v7e-m/fpv4-sp/hard\libc_nano.a(lib_a-mprec.o)
                0x0800a990                __mprec_tens
 .rodata.p05.7170
                0x0800aa58        0xc c:/ac6/systemworkbench/plugins/fr.ac6.mcu.externaltools.arm-none.win32_1.15.0.201708311556/tools/compiler/bin/../lib/gcc/arm-none-eabi/6.3.1/../../../../arm-none-eabi/lib/thumb/v7e-m/fpv4-sp/hard\libc_nano.a(lib_a-mprec.o)
 .rodata._svfprintf_r.str1.1
                0x0800aa64       0x11 c:/ac6/systemworkbench/plugins/fr.ac6.mcu.externaltools.arm-none.win32_1.15.0.201708311556/tools/compiler/bin/../lib/gcc/arm-none-eabi/6.3.1/../../../../arm-none-eabi/lib/thumb/v7e-m/fpv4-sp/hard\libc_nano.a(lib_a-nano-svfprintf.o)
 .rodata._vfprintf_r.str1.1
                0x0800aa75       0x11 c:/ac6/systemworkbench/plugins/fr.ac6.mcu.externaltools.arm-none.win32_1.15.0.201708311556/tools/compiler/bin/../lib/gcc/arm-none-eabi/6.3.1/../../../../arm-none-eabi/lib/thumb/v7e-m/fpv4-sp/hard\libc_nano.a(lib_a-nano-vfprintf.o)
 .rodata._ctype_
                0x0800aa75      0x101 c:/ac6/systemworkbench/plugins/fr.ac6.mcu.externaltools.arm-none.win32_1.15.0.201708311556/tools/compiler/bin/../lib/gcc/arm-none-eabi/6.3.1/../../../../arm-none-eabi/lib/thumb/v7e-m/fpv4-sp/hard\libc_nano.a(lib_a-ctype_.o)
                0x0800aa75                _ctype_
                0x0800ab78                . = ALIGN (0x4)
 *fill*         0x0800ab76        0x2 

.rel.dyn        0x0800ab78        0x0
 .rel.iplt      0x0800ab78        0x0 c:/ac6/systemworkbench/plugins/fr.ac6.mcu.externaltools.arm-none.win32_1.15.0.201708311556/tools/compiler/bin/../lib/gcc/arm-none-eabi/6.3.1/thumb/v7e-m/fpv4-sp/hard/crtbegin.o

.ARM.extab
 *(.ARM.extab* .gnu.linkonce.armextab.*)

.ARM            0x0800ab78        0x0
                0x0800ab78                __exidx_start = .
 *(.ARM.exidx*)
                0x0800ab78                __exidx_end = .

.preinit_array  0x0800ab78        0x0
                0x0800ab78                PROVIDE (__preinit_array_start, .)
 *(.preinit_array*)
                0x0800ab78                PROVIDE (__preinit_array_end, .)

.init_array     0x0800ab78        0x4
                0x0800ab78                PROVIDE (__init_array_start, .)
 *(SORT(.init_array.*))
 *(.init_array*)
 .init_array    0x0800ab78        0x4 c:/ac6/systemworkbench/plugins/fr.ac6.mcu.externaltools.arm-none.win32_1.15.0.201708311556/tools/compiler/bin/../lib/gcc/arm-none-eabi/6.3.1/thumb/v7e-m/fpv4-sp/hard/crtbegin.o
                0x0800ab7c                PROVIDE (__init_array_end, .)

.fini_array     0x0800ab7c        0x4
                [!provide]                PROVIDE (__fini_array_start, .)
 *(SORT(.fini_array.*))
 *(.fini_array*)
 .fini_array    0x0800ab7c        0x4 c:/ac6/systemworkbench/plugins/fr.ac6.mcu.externaltools.arm-none.win32_1.15.0.201708311556/tools/compiler/bin/../lib/gcc/arm-none-eabi/6.3.1/thumb/v7e-m/fpv4-sp/hard/crtbegin.o
                [!provide]                PROVIDE (__fini_array_end, .)
                0x0800ab80                _sidata = LOADADDR (.data)

.data           0x20000000      0x3c4 load address 0x0800ab80
                0x20000000                . = ALIGN (0x4)
                0x20000000                _sdata = .
 *(.data)
 .data          0x20000000       0x3c Drivers/BSP/ili9325.o
                0x20000000                ili9325_drv
 .data          0x2000003c        0xc Drivers/BSP/touch_panel.o
                0x2000003c                DisplaySample
 .data          0x20000048        0x8 Drivers/Fonts/font12.o
                0x20000048                Font12
 .data          0x20000050        0x8 Drivers/Fonts/font24.o
                0x20000050                Font24
 .data          0x20000058      0x198 Src/Ass-02-Q02.o
                0x20000058                buttons
 .data          0x200001f0        0x4 Src/system_stm32f4xx.o
                0x200001f0                SystemCoreClock
 *(.data*)
 .data._impure_ptr
                0x200001f4        0x4 c:/ac6/systemworkbench/plugins/fr.ac6.mcu.externaltools.arm-none.win32_1.15.0.201708311556/tools/compiler/bin/../lib/gcc/arm-none-eabi/6.3.1/../../../../arm-none-eabi/lib/thumb/v7e-m/fpv4-sp/hard\libc_nano.a(lib_a-impure.o)
                0x200001f4                _impure_ptr
 .data.impure_data
                0x200001f8       0x60 c:/ac6/systemworkbench/plugins/fr.ac6.mcu.externaltools.arm-none.win32_1.15.0.201708311556/tools/compiler/bin/../lib/gcc/arm-none-eabi/6.3.1/../../../../arm-none-eabi/lib/thumb/v7e-m/fpv4-sp/hard\libc_nano.a(lib_a-impure.o)
 .data.__global_locale
                0x20000258      0x16c c:/ac6/systemworkbench/plugins/fr.ac6.mcu.externaltools.arm-none.win32_1.15.0.201708311556/tools/compiler/bin/../lib/gcc/arm-none-eabi/6.3.1/../../../../arm-none-eabi/lib/thumb/v7e-m/fpv4-sp/hard\libc_nano.a(lib_a-locale.o)
                0x20000258                __global_locale
                0x200003c4                . = ALIGN (0x4)
                0x200003c4                _edata = .
                0x0800af44                _siccmram = LOADADDR (.ccmram)

.jcr            0x200003c4        0x0 load address 0x0800af44
 .jcr           0x200003c4        0x0 c:/ac6/systemworkbench/plugins/fr.ac6.mcu.externaltools.arm-none.win32_1.15.0.201708311556/tools/compiler/bin/../lib/gcc/arm-none-eabi/6.3.1/thumb/v7e-m/fpv4-sp/hard/crtbegin.o

.igot.plt       0x200003c4        0x0 load address 0x0800af44
 .igot.plt      0x200003c4        0x0 c:/ac6/systemworkbench/plugins/fr.ac6.mcu.externaltools.arm-none.win32_1.15.0.201708311556/tools/compiler/bin/../lib/gcc/arm-none-eabi/6.3.1/thumb/v7e-m/fpv4-sp/hard/crtbegin.o

.ccmram         0x10000000        0x0 load address 0x0800af44
                0x10000000                . = ALIGN (0x4)
                0x10000000                _sccmram = .
 *(.ccmram)
 *(.ccmram*)
                0x10000000                . = ALIGN (0x4)
                0x10000000                _eccmram = .
                0x10000000                . = ALIGN (0x4)

.bss            0x200003c8      0x788
                0x200003c8                _sbss = .
                0x200003c8                __bss_start__ = _sbss
 *(.bss)
 .bss           0x200003c8       0x1c c:/ac6/systemworkbench/plugins/fr.ac6.mcu.externaltools.arm-none.win32_1.15.0.201708311556/tools/compiler/bin/../lib/gcc/arm-none-eabi/6.3.1/thumb/v7e-m/fpv4-sp/hard/crtbegin.o
 .bss           0x200003e4      0x280 Drivers/BSP/ili9325.o
 .bss           0x20000664      0x36a Drivers/BSP/openx07v_c_lcd.o
 .bss           0x200009ce        0x4 Drivers/BSP/touch_panel.o
 .bss           0x200009d2        0x1 Src/Ass-02-Lib.o
                0x200009d2                USR_DBG
 *fill*         0x200009d3        0x1 
 .bss           0x200009d4        0x4 Src/Ass-02-Q01.o
                0x200009d4                _count
 .bss           0x200009d8        0x8 Src/Ass-02-Q02.o
                0x200009d8                itt
                0x200009dc                debounce
 .bss           0x200009e0        0x8 Src/fsmc.o
 .bss           0x200009e8        0x8 Src/syscalls.o
                0x200009ec                __env
 *(.bss*)
 .bss.__malloc_free_list
                0x200009f0        0x4 c:/ac6/systemworkbench/plugins/fr.ac6.mcu.externaltools.arm-none.win32_1.15.0.201708311556/tools/compiler/bin/../lib/gcc/arm-none-eabi/6.3.1/../../../../arm-none-eabi/lib/thumb/v7e-m/fpv4-sp/hard\libc_nano.a(lib_a-nano-mallocr.o)
                0x200009f0                __malloc_free_list
 .bss.__malloc_sbrk_start
                0x200009f4        0x4 c:/ac6/systemworkbench/plugins/fr.ac6.mcu.externaltools.arm-none.win32_1.15.0.201708311556/tools/compiler/bin/../lib/gcc/arm-none-eabi/6.3.1/../../../../arm-none-eabi/lib/thumb/v7e-m/fpv4-sp/hard\libc_nano.a(lib_a-nano-mallocr.o)
                0x200009f4                __malloc_sbrk_start
 *(COMMON)
 COMMON         0x200009f8        0xc Drivers/BSP/openx07v_c_lcd.o
                0x200009f8                DrawProp
 *fill*         0x20000a04        0x4 
 COMMON         0x20000a08       0x48 Drivers/BSP/touch_panel.o
                0x20000a08                display
                0x20000a0c                ScreenSample
                0x20000a18                matrix
 COMMON         0x20000a50        0x4 Drivers/STM32F4xx_HAL_Driver/Src/stm32f4xx_hal.o
                0x20000a50                uwTick
 COMMON         0x20000a54        0x8 Src/Ass-02-Q01.o
                0x20000a54                input_s
                0x20000a58                words
 COMMON         0x20000a5c        0x5 Src/Ass-02-Q02.o
                0x20000a5c                opperands
                0x20000a60                KEY_DOWN
 *fill*         0x20000a61        0x3 
 COMMON         0x20000a64       0x50 Src/fsmc.o
                0x20000a64                hsram1
 COMMON         0x20000ab4       0x58 Src/spi.o
                0x20000ab4                hspi2
 COMMON         0x20000b0c       0x40 Src/usart.o
                0x20000b0c                huart2
 COMMON         0x20000b4c        0x4 c:/ac6/systemworkbench/plugins/fr.ac6.mcu.externaltools.arm-none.win32_1.15.0.201708311556/tools/compiler/bin/../lib/gcc/arm-none-eabi/6.3.1/../../../../arm-none-eabi/lib/thumb/v7e-m/fpv4-sp/hard\libc_nano.a(lib_a-reent.o)
                0x20000b4c                errno
                0x20000b50                . = ALIGN (0x4)
                0x20000b50                _ebss = .
                0x20000b50                __bss_end__ = _ebss

._user_heap_stack
                0x20000b50     0x6000
                0x20000b50                . = ALIGN (0x8)
                0x20000b50                PROVIDE (end, .)
                [!provide]                PROVIDE (_end, .)
                0x20002b50                . = (. + _Min_Heap_Size)
 *fill*         0x20000b50     0x2000 
                0x20006b50                . = (. + _Min_Stack_Size)
 *fill*         0x20002b50     0x4000 
                0x20006b50                . = ALIGN (0x8)

/DISCARD/
 libc.a(*)
 libm.a(*)
 libgcc.a(*)

.ARM.attributes
                0x00000000       0x30
 *(.ARM.attributes)
 .ARM.attributes
                0x00000000       0x22 c:/ac6/systemworkbench/plugins/fr.ac6.mcu.externaltools.arm-none.win32_1.15.0.201708311556/tools/compiler/bin/../lib/gcc/arm-none-eabi/6.3.1/thumb/v7e-m/fpv4-sp/hard/crti.o
 .ARM.attributes
                0x00000022       0x34 c:/ac6/systemworkbench/plugins/fr.ac6.mcu.externaltools.arm-none.win32_1.15.0.201708311556/tools/compiler/bin/../lib/gcc/arm-none-eabi/6.3.1/thumb/v7e-m/fpv4-sp/hard/crtbegin.o
 .ARM.attributes
                0x00000056       0x39 Drivers/BSP/ili9325.o
 .ARM.attributes
                0x0000008f       0x39 Drivers/BSP/openx07v_c_lcd.o
 .ARM.attributes
                0x000000c8       0x39 Drivers/BSP/touch_panel.o
 .ARM.attributes
                0x00000101       0x39 Drivers/Fonts/font12.o
 .ARM.attributes
                0x0000013a       0x39 Drivers/Fonts/font24.o
 .ARM.attributes
                0x00000173       0x39 Drivers/STM32F4xx_HAL_Driver/Src/stm32f4xx_hal.o
 .ARM.attributes
                0x000001ac       0x39 Drivers/STM32F4xx_HAL_Driver/Src/stm32f4xx_hal_cortex.o
 .ARM.attributes
                0x000001e5       0x39 Drivers/STM32F4xx_HAL_Driver/Src/stm32f4xx_hal_dma.o
 .ARM.attributes
                0x0000021e       0x39 Drivers/STM32F4xx_HAL_Driver/Src/stm32f4xx_hal_gpio.o
 .ARM.attributes
                0x00000257       0x39 Drivers/STM32F4xx_HAL_Driver/Src/stm32f4xx_hal_rcc.o
 .ARM.attributes
                0x00000290       0x39 Drivers/STM32F4xx_HAL_Driver/Src/stm32f4xx_hal_spi.o
 .ARM.attributes
                0x000002c9       0x39 Drivers/STM32F4xx_HAL_Driver/Src/stm32f4xx_hal_sram.o
 .ARM.attributes
                0x00000302       0x39 Drivers/STM32F4xx_HAL_Driver/Src/stm32f4xx_hal_uart.o
 .ARM.attributes
                0x0000033b       0x39 Drivers/STM32F4xx_HAL_Driver/Src/stm32f4xx_ll_fsmc.o
 .ARM.attributes
                0x00000374       0x39 Src/Ass-02-Lib.o
 .ARM.attributes
                0x000003ad       0x39 Src/Ass-02-Q01.o
 .ARM.attributes
                0x000003e6       0x39 Src/Ass-02-Q02.o
 .ARM.attributes
                0x0000041f       0x39 Src/Ass-02.o
 .ARM.attributes
                0x00000458       0x39 Src/fsmc.o
 .ARM.attributes
                0x00000491       0x39 Src/gpio.o
 .ARM.attributes
                0x000004ca       0x39 Src/main.o
 .ARM.attributes
                0x00000503       0x39 Src/spi.o
 .ARM.attributes
                0x0000053c       0x39 Src/stm32f4xx_hal_msp.o
 .ARM.attributes
                0x00000575       0x39 Src/stm32f4xx_it.o
 .ARM.attributes
                0x000005ae       0x39 Src/syscalls.o
 .ARM.attributes
                0x000005e7       0x39 Src/system_stm32f4xx.o
 .ARM.attributes
                0x00000620       0x39 Src/usart.o
 .ARM.attributes
                0x00000659       0x21 startup/startup_stm32f407xx.o
 .ARM.attributes
                0x0000067a       0x22 c:/ac6/systemworkbench/plugins/fr.ac6.mcu.externaltools.arm-none.win32_1.15.0.201708311556/tools/compiler/bin/../lib/gcc/arm-none-eabi/6.3.1/thumb/v7e-m/fpv4-sp/hard\libgcc.a(_arm_addsubdf3.o)
 .ARM.attributes
                0x0000069c       0x22 c:/ac6/systemworkbench/plugins/fr.ac6.mcu.externaltools.arm-none.win32_1.15.0.201708311556/tools/compiler/bin/../lib/gcc/arm-none-eabi/6.3.1/thumb/v7e-m/fpv4-sp/hard\libgcc.a(_arm_muldivdf3.o)
 .ARM.attributes
                0x000006be       0x22 c:/ac6/systemworkbench/plugins/fr.ac6.mcu.externaltools.arm-none.win32_1.15.0.201708311556/tools/compiler/bin/../lib/gcc/arm-none-eabi/6.3.1/thumb/v7e-m/fpv4-sp/hard\libgcc.a(_arm_cmpdf2.o)
 .ARM.attributes
                0x000006e0       0x22 c:/ac6/systemworkbench/plugins/fr.ac6.mcu.externaltools.arm-none.win32_1.15.0.201708311556/tools/compiler/bin/../lib/gcc/arm-none-eabi/6.3.1/thumb/v7e-m/fpv4-sp/hard\libgcc.a(_arm_fixunsdfsi.o)
 .ARM.attributes
                0x00000702       0x34 c:/ac6/systemworkbench/plugins/fr.ac6.mcu.externaltools.arm-none.win32_1.15.0.201708311556/tools/compiler/bin/../lib/gcc/arm-none-eabi/6.3.1/../../../../arm-none-eabi/lib/thumb/v7e-m/fpv4-sp/hard\libc_nano.a(lib_a-atof.o)
 .ARM.attributes
                0x00000736       0x34 c:/ac6/systemworkbench/plugins/fr.ac6.mcu.externaltools.arm-none.win32_1.15.0.201708311556/tools/compiler/bin/../lib/gcc/arm-none-eabi/6.3.1/../../../../arm-none-eabi/lib/thumb/v7e-m/fpv4-sp/hard\libc_nano.a(lib_a-errno.o)
 .ARM.attributes
                0x0000076a       0x34 c:/ac6/systemworkbench/plugins/fr.ac6.mcu.externaltools.arm-none.win32_1.15.0.201708311556/tools/compiler/bin/../lib/gcc/arm-none-eabi/6.3.1/../../../../arm-none-eabi/lib/thumb/v7e-m/fpv4-sp/hard\libc_nano.a(lib_a-impure.o)
 .ARM.attributes
                0x0000079e       0x34 c:/ac6/systemworkbench/plugins/fr.ac6.mcu.externaltools.arm-none.win32_1.15.0.201708311556/tools/compiler/bin/../lib/gcc/arm-none-eabi/6.3.1/../../../../arm-none-eabi/lib/thumb/v7e-m/fpv4-sp/hard\libc_nano.a(lib_a-init.o)
 .ARM.attributes
                0x000007d2       0x34 c:/ac6/systemworkbench/plugins/fr.ac6.mcu.externaltools.arm-none.win32_1.15.0.201708311556/tools/compiler/bin/../lib/gcc/arm-none-eabi/6.3.1/../../../../arm-none-eabi/lib/thumb/v7e-m/fpv4-sp/hard\libc_nano.a(lib_a-malloc.o)
 .ARM.attributes
                0x00000806       0x34 c:/ac6/systemworkbench/plugins/fr.ac6.mcu.externaltools.arm-none.win32_1.15.0.201708311556/tools/compiler/bin/../lib/gcc/arm-none-eabi/6.3.1/../../../../arm-none-eabi/lib/thumb/v7e-m/fpv4-sp/hard\libc_nano.a(lib_a-memset.o)
 .ARM.attributes
                0x0000083a       0x34 c:/ac6/systemworkbench/plugins/fr.ac6.mcu.externaltools.arm-none.win32_1.15.0.201708311556/tools/compiler/bin/../lib/gcc/arm-none-eabi/6.3.1/../../../../arm-none-eabi/lib/thumb/v7e-m/fpv4-sp/hard\libc_nano.a(lib_a-nano-freer.o)
 .ARM.attributes
                0x0000086e       0x34 c:/ac6/systemworkbench/plugins/fr.ac6.mcu.externaltools.arm-none.win32_1.15.0.201708311556/tools/compiler/bin/../lib/gcc/arm-none-eabi/6.3.1/../../../../arm-none-eabi/lib/thumb/v7e-m/fpv4-sp/hard\libc_nano.a(lib_a-nano-mallocr.o)
 .ARM.attributes
                0x000008a2       0x34 c:/ac6/systemworkbench/plugins/fr.ac6.mcu.externaltools.arm-none.win32_1.15.0.201708311556/tools/compiler/bin/../lib/gcc/arm-none-eabi/6.3.1/../../../../arm-none-eabi/lib/thumb/v7e-m/fpv4-sp/hard\libc_nano.a(lib_a-nano-vfprintf_float.o)
 .ARM.attributes
                0x000008d6       0x34 c:/ac6/systemworkbench/plugins/fr.ac6.mcu.externaltools.arm-none.win32_1.15.0.201708311556/tools/compiler/bin/../lib/gcc/arm-none-eabi/6.3.1/../../../../arm-none-eabi/lib/thumb/v7e-m/fpv4-sp/hard\libc_nano.a(lib_a-nano-vfprintf_i.o)
 .ARM.attributes
                0x0000090a       0x34 c:/ac6/systemworkbench/plugins/fr.ac6.mcu.externaltools.arm-none.win32_1.15.0.201708311556/tools/compiler/bin/../lib/gcc/arm-none-eabi/6.3.1/../../../../arm-none-eabi/lib/thumb/v7e-m/fpv4-sp/hard\libc_nano.a(lib_a-nano-vfscanf_float.o)
 .ARM.attributes
                0x0000093e       0x34 c:/ac6/systemworkbench/plugins/fr.ac6.mcu.externaltools.arm-none.win32_1.15.0.201708311556/tools/compiler/bin/../lib/gcc/arm-none-eabi/6.3.1/../../../../arm-none-eabi/lib/thumb/v7e-m/fpv4-sp/hard\libc_nano.a(lib_a-printf.o)
 .ARM.attributes